Sep 14 10:19:46 jsumler colord[2382]: failed to get session [pid 22967]: No such device or address
Sep 14 10:19:46 jsumler os-prober: debug: running /usr/lib/os-probes/mounted/05efi on mounted /dev/sda1
Sep 14 10:19:46 jsumler 05efi: debug: Not on UEFI platform
Sep 14 10:19:46 jsumler os-prober: debug: running /usr/lib/os-probes/mounted/10freedos on mounted /dev/sda1
Sep 14 10:19:46 jsumler 10freedos: debug: /dev/sda1 is not a FAT partition: exiting
Sep 14 10:19:46 jsumler os-prober: debug: running /usr/lib/os-probes/mounted/10qnx on mounted /dev/sda1
Sep 14 10:19:46 jsumler 10qnx: debug: /dev/sda1 is not a QNX4 partition: exiting
Sep 14 10:19:46 jsumler os-prober: debug: running /usr/lib/os-probes/mounted/20macosx on mounted /dev/sda1
Sep 14 10:19:46 jsumler macosx-prober: debug: /dev/sda1 is not an HFS+ partition: exiting
Sep 14 10:19:46 jsumler os-prober: debug: running /usr/lib/os-probes/mounted/20microsoft on mounted /dev/sda1
Sep 14 10:19:46 jsumler 20microsoft: debug: /dev/sda1 is not a MS partition: exiting
Sep 14 10:19:46 jsumler os-prober: debug: running /usr/lib/os-probes/mounted/30utility on mounted /dev/sda1
Sep 14 10:19:46 jsumler 30utility: debug: /dev/sda1 is not a FAT partition: exiting
Sep 14 10:19:46 jsumler os-prober: debug: running /usr/lib/os-probes/mounted/40lsb on mounted /dev/sda1
Sep 14 10:19:46 jsumler os-prober: debug: running /usr/lib/os-probes/mounted/70hurd on mounted /dev/sda1
Sep 14 10:19:46 jsumler os-prober: debug: running /usr/lib/os-probes/mounted/80minix on mounted /dev/sda1
Sep 14 10:19:46 jsumler os-prober: debug: running /usr/lib/os-probes/mounted/83haiku on mounted /dev/sda1
Sep 14 10:19:46 jsumler 83haiku: debug: /dev/sda1 is not a BeFS partition: exiting
Sep 14 10:19:46 jsumler os-prober: debug: running /usr/lib/os-probes/mounted/90linux-distro on mounted /dev/sda1
Sep 14 10:19:46 jsumler os-prober: debug: running /usr/lib/os-probes/mounted/90solaris on mounted /dev/sda1
Sep 14 10:19:46 jsumler os-prober: debug: running /usr/lib/os-probes/50mounted-tests on /dev/sda2
Sep 14 10:19:46 jsumler 50mounted-tests: debug: /dev/sda2 type not recognised; skipping
Sep 14 10:19:46 jsumler os-prober: debug: os detected by /usr/lib/os-probes/50mounted-tests
Sep 14 10:19:46 jsumler os-prober: debug: running /usr/lib/os-probes/50mounted-tests on /dev/sda5
Sep 14 10:19:46 jsumler 50mounted-tests: debug: /dev/sda5 is a LUKS partition; skipping
Sep 14 10:19:46 jsumler os-prober: debug: os detected by /usr/lib/os-probes/50mounted-tests
Sep 14 10:19:46 jsumler os-prober: debug: /dev/mapper/ubuntu--vg-swap_1: is active swap
Sep 14 10:19:47 jsumler systemd[1]: Reloading.
Sep 14 10:19:49 jsumler systemd-resolved[10686]: Switching to DNS server 75.75.76.76 for interface wlan0.
Sep 14 10:19:49 jsumler systemd-resolved[10686]: Switching to DNS server 2001:558:feed::1 for interface wlan0.
Sep 14 10:19:49 jsumler systemd-resolved[10686]: Switching to DNS server 2001:558:feed::2 for interface wlan0.
Sep 14 10:19:49 jsumler systemd-resolved[10686]: Switching to DNS server 75.75.75.75 for interface wlan0.
Sep 14 10:19:49 jsumler systemd-resolved[10686]: Using degraded feature set (UDP+EDNS0+DO) for DNS server 75.75.75.75.
Sep 14 10:19:49 jsumler systemd-resolved[10686]: Switching to DNS server 75.75.76.76 for interface wlan0.
Sep 14 10:19:53 jsumler systemd-resolved[10686]: Switching to DNS server 2001:558:feed::1 for interface wlan0.
Sep 14 10:19:53 jsumler systemd-resolved[10686]: Switching to DNS server 2001:558:feed::2 for interface wlan0.
Sep 14 10:19:56 jsumler systemd[1]: Reloading.
Sep 14 10:19:56 jsumler systemd[1]: Reloading.
Sep 14 10:20:05 jsumler anacron[3147]: Job `cron.daily' terminated (mailing output)
Sep 14 10:20:05 jsumler anacron[3147]: Can't find sendmail at /usr/sbin/sendmail, not mailing output
Sep 14 10:20:05 jsumler anacron[3147]: anacron: Can't find sendmail at /usr/sbin/sendmail, not mailing output
Sep 14 10:20:05 jsumler anacron[3147]: Normal exit (1 job run)
Sep 14 10:20:21 jsumler AptDaemon.Worker: INFO: Finished transaction /org/debian/apt/transaction/1074eec330e14d0f8eeb08f8c3c66a3b
Sep 14 10:20:21 jsumler org.debian.apt[1331]: /usr/lib/python3/dist-packages/aptdaemon/progress.py:491: Warning: Source ID 47 was not found when attempting to remove it
Sep 14 10:20:21 jsumler org.debian.apt[1331]:   GLib.source_remove(id)
Sep 14 10:20:21 jsumler org.debian.apt[1331]: /usr/lib/python3/dist-packages/aptdaemon/progress.py:491: Warning: Source ID 48 was not found when attempting to remove it
Sep 14 10:20:21 jsumler org.debian.apt[1331]:   GLib.source_remove(id)
Sep 14 10:20:21 jsumler org.debian.apt[1331]: 10:20:21 AptDaemon.Worker [INFO]: Finished transaction /org/debian/apt/transaction/1074eec330e14d0f8eeb08f8c3c66a3b
Sep 14 10:20:23 jsumler compiz[3782]: [1:137:0914/102023.963146:ERROR:adm_helpers.cc(62)] Failed to query stereo recording.
Sep 14 10:21:49 jsumler dbus-daemon[3226]: Activating service name='com.ubuntu.sso'
Sep 14 10:21:49 jsumler dbus-daemon[3226]: Successfully activated service 'com.ubuntu.sso'
Sep 14 10:22:30 jsumler hud-service[3931]: #033[31mvoid DBusMenuImporter::slotGetLayoutFinished(QDBusPendingCallWatcher*)#033[0m: "No such interface 'com.canonical.dbusmenu' on object at path /org/ayatana/bamf/window/90177539"
Sep 14 10:22:35 jsumler hud-service[3931]: #033[31mvoid DBusMenuImporter::slotGetLayoutFinished(QDBusPendingCallWatcher*)#033[0m: "No such interface 'com.canonical.dbusmenu' on object at path /org/ayatana/bamf/window/90177539"
Sep 14 10:22:41 jsumler unity-panel-ser[3791]: menus_destroyed: assertion 'IS_WINDOW_MENU(wm)' failed
Sep 14 10:22:41 jsumler systemd-resolved[10686]: Switching to DNS server 75.75.75.75 for interface wlan0.
Sep 14 10:22:46 jsumler compiz[3782]: <window.Window object at 0x7ffbcc07bb90 (terminatorlib+window+Window at 0x55c2f41be2a0)> is not in registered window list
Sep 14 10:22:58 jsumler systemd-resolved[10686]: Switching to DNS server 75.75.76.76 for interface wlan0.
Sep 14 10:22:58 jsumler systemd-resolved[10686]: Switching to DNS server 2001:558:feed::1 for interface wlan0.
Sep 14 10:22:59 jsumler systemd-resolved[10686]: Switching to DNS server 2001:558:feed::2 for interface wlan0.
Sep 14 10:22:59 jsumler systemd-resolved[10686]: Switching to DNS server 75.75.75.75 for interface wlan0.
Sep 14 10:23:00 jsumler systemd-resolved[10686]: Switching to DNS server 75.75.76.76 for interface wlan0.
Sep 14 10:25:47 jsumler unity-panel-ser[3791]: window_menu_model_new: assertion 'BAMF_IS_APPLICATION(app)' failed
Sep 14 10:25:47 jsumler unity-panel-ser[3791]: track_menus: assertion 'IS_WINDOW_MENU(menus)' failed
Sep 14 10:25:49 jsumler unity-panel-ser[3791]: window_menu_model_new: assertion 'BAMF_IS_APPLICATION(app)' failed
Sep 14 10:25:49 jsumler unity-panel-ser[3791]: track_menus: assertion 'IS_WINDOW_MENU(menus)' failed
Sep 14 10:25:55 jsumler unity-panel-ser[3791]: window_menu_model_new: assertion 'BAMF_IS_APPLICATION(app)' failed
Sep 14 10:25:55 jsumler unity-panel-ser[3791]: track_menus: assertion 'IS_WINDOW_MENU(menus)' failed
Sep 14 10:25:56 jsumler unity-panel-ser[3791]: menus_destroyed: assertion 'IS_WINDOW_MENU(wm)' failed
Sep 14 10:26:03 jsumler unity-panel-ser[3791]: window_menu_model_new: assertion 'BAMF_IS_APPLICATION(app)' failed
Sep 14 10:26:03 jsumler unity-panel-ser[3791]: track_menus: assertion 'IS_WINDOW_MENU(menus)' failed
Sep 14 10:26:03 jsumler compiz[3782]: Created new window in existing browser session.
Sep 14 10:26:04 jsumler systemd-resolved[10686]: Switching to DNS server 2001:558:feed::1 for interface wlan0.
Sep 14 10:26:04 jsumler systemd-resolved[10686]: Switching to DNS server 2001:558:feed::2 for interface wlan0.
Sep 14 10:26:04 jsumler systemd-resolved[10686]: Switching to DNS server 75.75.75.75 for interface wlan0.
Sep 14 10:26:04 jsumler systemd-resolved[10686]: Switching to DNS server 75.75.76.76 for interface wlan0.
Sep 14 10:26:04 jsumler systemd-resolved[10686]: Using degraded feature set (UDP+EDNS0+DO) for DNS server 75.75.76.76.
Sep 14 10:26:06 jsumler systemd-resolved[10686]: Switching to DNS server 2001:558:feed::1 for interface wlan0.
Sep 14 10:26:07 jsumler systemd-resolved[10686]: Switching to DNS server 2001:558:feed::2 for interface wlan0.
Sep 14 10:26:09 jsumler systemd-resolved[10686]: Switching to DNS server 75.75.75.75 for interface wlan0.
Sep 14 10:26:11 jsumler systemd-resolved[10686]: Switching to DNS server 75.75.76.76 for interface wlan0.
Sep 14 10:26:25 jsumler systemd-resolved[10686]: Switching to DNS server 2001:558:feed::1 for interface wlan0.
Sep 14 10:26:25 jsumler systemd-resolved[10686]: Switching to DNS server 2001:558:feed::2 for interface wlan0.
Sep 14 10:26:25 jsumler systemd-resolved[10686]: Switching to DNS server 75.75.75.75 for interface wlan0.
Sep 14 10:26:25 jsumler systemd-resolved[10686]: Switching to DNS server 75.75.76.76 for interface wlan0.
Sep 14 10:26:25 jsumler systemd-resolved[10686]: Switching to DNS server 2001:558:feed::1 for interface wlan0.
Sep 14 10:26:33 jsumler systemd-resolved[10686]: Switching to DNS server 2001:558:feed::2 for interface wlan0.
Sep 14 10:26:35 jsumler systemd-resolved[10686]: Switching to DNS server 75.75.75.75 for interface wlan0.
Sep 14 10:26:48 jsumler zeitgeist-datah[3998]: zeitgeist-datahub.vala:210: Error during inserting events: GDBus.Error:org.gnome.zeitgeist.EngineError.InvalidArgument: Incomplete event: interpretation, manifestation and actor are required
Sep 14 10:26:49 jsumler dbus-daemon[3226]: Activating service name='com.ubuntu.sso'
Sep 14 10:26:49 jsumler dbus-daemon[3226]: Successfully activated service 'com.ubuntu.sso'
Sep 14 10:26:51 jsumler dbus-daemon[3226]: Activating via systemd: service name='org.gnome.Terminal' unit='gnome-terminal-server.service'
Sep 14 10:26:51 jsumler systemd[3198]: Starting GNOME Terminal Server...
Sep 14 10:26:51 jsumler dbus-daemon[3226]: Successfully activated service 'org.gnome.Terminal'
Sep 14 10:26:51 jsumler systemd[3198]: Started GNOME Terminal Server.
Sep 14 10:27:21 jsumler gnome-software-service.desktop[3761]: 14:27:21:0710 As  failed to rescan: Failed to parse /usr/share/applications/slack.desktop.dpkg-new file: cannot process file of type text/plain
Sep 14 10:27:21 jsumler gnome-software-service.desktop[3761]: 14:27:21:0710 As  failed to rescan: Failed to parse /usr/share/applications/slack.desktop.dpkg-tmp file: cannot process file of type text/plain
Sep 14 10:27:26 jsumler gnome-software-service.desktop[3761]: 14:27:26:0597 As  failed to rescan: Failed to parse /usr/share/applications/slack.desktop file: cannot process file of type application/x-desktop
Sep 14 10:27:26 jsumler gnome-software-service.desktop[3761]: 14:27:26:0737 Gs  failed to call gs_plugin_add_installed on shell-extensions: GDBus.Error:org.freedesktop.DBus.Error.UnknownMethod: No such interface 'org.gnome.Shell.Extensions' on object at path /org/gnome/Shell
Sep 14 10:27:26 jsumler gnome-software-service.desktop[3761]: 14:27:26:0739 Gs  hiding category productivity featured applications: found only 0 to show, need at least 9
Sep 14 10:27:26 jsumler gnome-software-service.desktop[3761]: 14:27:26:0739 Gs  hiding category graphics featured applications: found only 0 to show, need at least 9
Sep 14 10:27:27 jsumler gnome-software-service.desktop[3761]: 14:27:27:0363 Gs  automatically prevented from changing origin on system/package/ubuntu-zesty-security-main/desktop/evince.desktop/* from ubuntu-zesty-security-main to ubuntu-zesty-updates-main!
Sep 14 10:27:27 jsumler gnome-software-service.desktop[3761]: 14:27:27:0363 Gs  automatically prevented from changing origin on system/package/ubuntu-zesty-security-main/desktop/display-im6.q16.desktop/* from ubuntu-zesty-security-main to ubuntu-zesty-updates-main!
Sep 14 10:27:27 jsumler gnome-software-service.desktop[3761]: 14:27:27:0363 Gs  automatically prevented from changing origin on system/package/ubuntu-zesty-security-main/desktop/shotwell.desktop/* from ubuntu-zesty-security-main to ubuntu-zesty-updates-main!
Sep 14 10:27:27 jsumler gnome-software-service.desktop[3761]: 14:27:27:0363 Gs  automatically prevented from changing origin on system/package/ubuntu-zesty-universe/desktop/wireshark.desktop/* from ubuntu-zesty-universe to ubuntu-zesty-updates-universe!
Sep 14 10:27:27 jsumler gnome-software-service.desktop[3761]: 14:27:27:0363 Gs  automatically prevented from changing origin on system/package/ubuntu-zesty-universe/desktop/virt-manager.desktop/* from ubuntu-zesty-universe to ubuntu-zesty-proposed-universe!
Sep 14 10:27:27 jsumler gnome-software-service.desktop[3761]: 14:27:27:0363 Gs  automatically prevented from changing origin on system/package/ubuntu-zesty-multiverse/desktop/virtualbox.desktop/* from ubuntu-zesty-multiverse to ubuntu-zesty-updates-multiverse!
Sep 14 10:27:27 jsumler gnome-software-service.desktop[3761]: 14:27:27:0364 Gs  automatically prevented from changing origin on system/package/ubuntu-zesty-main/desktop/evince.desktop/* from ubuntu-zesty-main to ubuntu-zesty-updates-main!
Sep 14 10:27:27 jsumler gnome-software-service.desktop[3761]: 14:27:27:0365 Gs  automatically prevented from changing origin on system/package/ubuntu-zesty-main/desktop/org.gnome.Calendar.desktop/* from ubuntu-zesty-main to ubuntu-zesty-updates-main!
Sep 14 10:27:27 jsumler gnome-software-service.desktop[3761]: 14:27:27:0368 Gs  automatically prevented from changing origin on system/package/ubuntu-zesty-main/desktop/shotwell.desktop/* from ubuntu-zesty-main to ubuntu-zesty-updates-main!
Sep 14 10:27:27 jsumler gnome-software-service.desktop[3761]: 14:27:27:0369 Gs  automatically prevented from changing origin on system/package/ubuntu-zesty-proposed-main/desktop/update-manager.desktop/* from ubuntu-zesty-proposed-main to ubuntu-zesty-updates-main!
Sep 14 10:27:27 jsumler gnome-software-service.desktop[3761]: 14:27:27:0369 Gs  automatically prevented from changing origin on system/package/ubuntu-zesty-proposed-main/desktop/org.gnome.Software.desktop/* from ubuntu-zesty-proposed-main to ubuntu-zesty-updates-main!
Sep 14 10:27:27 jsumler gnome-software-service.desktop[3761]: 14:27:27:0374 Gs  automatically prevented from changing origin on system/package/ubuntu-zesty-main/desktop/display-im6.q16.desktop/* from ubuntu-zesty-main to ubuntu-zesty-updates-main!
Sep 14 10:27:27 jsumler gnome-software-service.desktop[3761]: 14:27:27:0377 Gs  automatically prevented from changing origin on system/package/ubuntu-zesty-universe/desktop/virt-manager.desktop/* from ubuntu-zesty-universe to ubuntu-zesty-proposed-universe!
Sep 14 10:27:27 jsumler gnome-software-service.desktop[3761]: 14:27:27:0383 Gs  automatically prevented from changing origin on system/package/ubuntu-zesty-security-universe/desktop/wireshark.desktop/* from ubuntu-zesty-security-universe to ubuntu-zesty-updates-universe!
Sep 14 10:27:27 jsumler gnome-software-service.desktop[3761]: 14:27:27:0384 Gs  automatically prevented from changing origin on system/package/ubuntu-zesty-main/desktop/evince.desktop/* from ubuntu-zesty-main to ubuntu-zesty-updates-main!
Sep 14 10:27:27 jsumler gnome-software-service.desktop[3761]: 14:27:27:0385 Gs  automatically prevented from changing origin on system/package/ubuntu-zesty-main/desktop/org.gnome.Calendar.desktop/* from ubuntu-zesty-main to ubuntu-zesty-updates-main!
Sep 14 10:27:27 jsumler gnome-software-service.desktop[3761]: 14:27:27:0388 Gs  automatically prevented from changing origin on system/package/ubuntu-zesty-main/desktop/shotwell.desktop/* from ubuntu-zesty-main to ubuntu-zesty-updates-main!
Sep 14 10:27:27 jsumler gnome-software-service.desktop[3761]: 14:27:27:0389 Gs  automatically prevented from changing origin on system/package/ubuntu-zesty-proposed-main/desktop/update-manager.desktop/* from ubuntu-zesty-proposed-main to ubuntu-zesty-updates-main!
Sep 14 10:27:27 jsumler gnome-software-service.desktop[3761]: 14:27:27:0390 Gs  automatically prevented from changing origin on system/package/ubuntu-zesty-proposed-main/desktop/org.gnome.Software.desktop/* from ubuntu-zesty-proposed-main to ubuntu-zesty-updates-main!
Sep 14 10:27:27 jsumler gnome-software-service.desktop[3761]: 14:27:27:0395 Gs  automatically prevented from changing origin on system/package/ubuntu-zesty-main/desktop/display-im6.q16.desktop/* from ubuntu-zesty-main to ubuntu-zesty-updates-main!
Sep 14 10:27:27 jsumler gnome-software-service.desktop[3761]: 14:27:27:0398 Gs  automatically prevented from changing origin on system/package/ubuntu-zesty-universe/desktop/virt-manager.desktop/* from ubuntu-zesty-universe to ubuntu-zesty-proposed-universe!
Sep 14 10:27:27 jsumler gnome-software-service.desktop[3761]: 14:27:27:0404 Gs  automatically prevented from changing origin on system/package/ubuntu-zesty-security-universe/desktop/wireshark.desktop/* from ubuntu-zesty-security-universe to ubuntu-zesty-updates-universe!
Sep 14 10:27:27 jsumler gnome-software-service.desktop[3761]: 14:27:27:0404 Gs  automatically prevented from changing origin on system/package/ubuntu-zesty-main/desktop/evince.desktop/* from ubuntu-zesty-main to ubuntu-zesty-updates-main!
Sep 14 10:27:27 jsumler gnome-software-service.desktop[3761]: 14:27:27:0405 Gs  automatically prevented from changing origin on system/package/ubuntu-zesty-main/desktop/org.gnome.Calendar.desktop/* from ubuntu-zesty-main to ubuntu-zesty-updates-main!
Sep 14 10:27:27 jsumler gnome-software-service.desktop[3761]: 14:27:27:0408 Gs  automatically prevented from changing origin on system/package/ubuntu-zesty-main/desktop/shotwell.desktop/* from ubuntu-zesty-main to ubuntu-zesty-updates-main!
Sep 14 10:27:27 jsumler gnome-software-service.desktop[3761]: 14:27:27:0409 Gs  automatically prevented from changing origin on system/package/ubuntu-zesty-proposed-main/desktop/update-manager.desktop/* from ubuntu-zesty-proposed-main to ubuntu-zesty-updates-main!
Sep 14 10:27:27 jsumler gnome-software-service.desktop[3761]: 14:27:27:0410 Gs  automatically prevented from changing origin on system/package/ubuntu-zesty-proposed-main/desktop/org.gnome.Software.desktop/* from ubuntu-zesty-proposed-main to ubuntu-zesty-updates-main!
Sep 14 10:27:27 jsumler gnome-software-service.desktop[3761]: 14:27:27:0415 Gs  automatically prevented from changing origin on system/package/ubuntu-zesty-main/desktop/display-im6.q16.desktop/* from ubuntu-zesty-main to ubuntu-zesty-updates-main!
Sep 14 10:27:27 jsumler gnome-software-service.desktop[3761]: 14:27:27:0417 Gs  automatically prevented from changing origin on system/package/ubuntu-zesty-universe/desktop/virt-manager.desktop/* from ubuntu-zesty-universe to ubuntu-zesty-proposed-universe!
Sep 14 10:27:27 jsumler gnome-software-service.desktop[3761]: 14:27:27:0423 Gs  automatically prevented from changing origin on system/package/ubuntu-zesty-security-universe/desktop/wireshark.desktop/* from ubuntu-zesty-security-universe to ubuntu-zesty-updates-universe!
Sep 14 10:27:27 jsumler gnome-software-service.desktop[3761]: 14:27:27:0719 As  failed to rescan: Failed to parse /usr/share/applications/bamf-2.index file: cannot process file of type text/plain
Sep 14 10:27:38 jsumler compiz[3782]: [5433:5433:0914/102738.745209:ERROR:media_internals.cc(107)] Cannot get RenderProcessHost
Sep 14 10:27:38 jsumler unity-panel-ser[3791]: window_menu_model_new: assertion 'BAMF_IS_APPLICATION(app)' failed
Sep 14 10:27:38 jsumler unity-panel-ser[3791]: track_menus: assertion 'IS_WINDOW_MENU(menus)' failed
Sep 14 10:27:47 jsumler gnome-session[3577]: gnome-session-binary[3577]: GLib-GObject-CRITICAL: g_object_unref: assertion 'G_IS_OBJECT (object)' failed
Sep 14 10:27:47 jsumler gnome-session-binary[3577]: GLib-GObject-CRITICAL: g_object_unref: assertion 'G_IS_OBJECT (object)' failed
Sep 14 10:27:47 jsumler gnome-session[3577]: gnome-session-binary[3577]: GLib-GObject-CRITICAL: g_object_unref: assertion 'G_IS_OBJECT (object)' failed
Sep 14 10:27:47 jsumler gnome-session[3577]: gnome-session-binary[3577]: GLib-GObject-CRITICAL: g_object_unref: assertion 'G_IS_OBJECT (object)' failed
Sep 14 10:27:47 jsumler gnome-session-binary[3577]: GLib-GObject-CRITICAL: g_object_unref: assertion 'G_IS_OBJECT (object)' failed
Sep 14 10:27:47 jsumler gnome-session-binary[3577]: GLib-GObject-CRITICAL: g_object_unref: assertion 'G_IS_OBJECT (object)' failed
Sep 14 10:27:47 jsumler gnome-session[3577]: gnome-session-binary[3577]: GLib-GObject-CRITICAL: g_object_unref: assertion 'G_IS_OBJECT (object)' failed
Sep 14 10:27:47 jsumler gnome-session-binary[3577]: GLib-GObject-CRITICAL: g_object_unref: assertion 'G_IS_OBJECT (object)' failed
Sep 14 10:27:47 jsumler gnome-session[3577]: gnome-session-binary[3577]: GLib-GObject-CRITICAL: g_object_unref: assertion 'G_IS_OBJECT (object)' failed
Sep 14 10:27:47 jsumler gnome-session[3577]: gnome-session-binary[3577]: GLib-GObject-CRITICAL: g_object_unref: assertion 'G_IS_OBJECT (object)' failed
Sep 14 10:27:47 jsumler gnome-session-binary[3577]: GLib-GObject-CRITICAL: g_object_unref: assertion 'G_IS_OBJECT (object)' failed
Sep 14 10:27:47 jsumler gnome-session-binary[3577]: GLib-GObject-CRITICAL: g_object_unref: assertion 'G_IS_OBJECT (object)' failed
Sep 14 10:27:47 jsumler unity-panel-ser[3791]: menus_destroyed: assertion 'IS_WINDOW_MENU(wm)' failed
Sep 14 10:27:47 jsumler compiz[3782]: Object has been destroyed
Sep 14 10:27:47 jsumler compiz[3782]: Error: Object has been destroyed
Sep 14 10:27:47 jsumler compiz[3782]:     at Application.closeBackgroundWindowIfLastWindow (/usr/share/gitkraken/resources/app.asar/src/appBootstrap/application.js:285:25)
Sep 14 10:27:47 jsumler compiz[3782]:     at AppWindow.newWindow.on (/usr/share/gitkraken/resources/app.asar/src/appBootstrap/application.js:145:10)
Sep 14 10:27:47 jsumler compiz[3782]:     at emitNone (events.js:86:13)
Sep 14 10:27:47 jsumler compiz[3782]:     at AppWindow.emit (events.js:185:7)
Sep 14 10:27:47 jsumler compiz[3782]:     at BrowserWindow.AppWindow.win.once (/usr/share/gitkraken/resources/app.asar/src/appBootstrap/appwindow.js:61:10)
Sep 14 10:27:47 jsumler compiz[3782]:     at Object.onceWrapper (events.js:290:19)
Sep 14 10:27:47 jsumler compiz[3782]:     at emitOne (events.js:96:13)
Sep 14 10:27:47 jsumler compiz[3782]:     at BrowserWindow.emit (events.js:188:7)
Sep 14 10:27:47 jsumler compiz[3782]: Object has been destroyed
Sep 14 10:27:47 jsumler compiz[3782]: Error: Object has been destroyed
Sep 14 10:27:47 jsumler compiz[3782]:     at BrowserWindow.reload (/usr/share/gitkraken/resources/electron.asar/browser/api/browser-window.js:164:16)
Sep 14 10:27:47 jsumler compiz[3782]:     at WebContents.AppWindow.win.webContents.on (/usr/share/gitkraken/resources/app.asar/src/appBootstrap/appwindow.js:74:9)
Sep 14 10:27:47 jsumler compiz[3782]:     at emitTwo (events.js:106:13)
Sep 14 10:27:47 jsumler compiz[3782]:     at WebContents.emit (events.js:191:7)
Sep 14 10:27:47 jsumler unity-panel-ser[3791]: menus_destroyed: assertion 'IS_WINDOW_MENU(wm)' failed
Sep 14 10:27:47 jsumler unity-panel-ser[3791]: menus_destroyed: assertion 'IS_WINDOW_MENU(wm)' failed
Sep 14 10:27:47 jsumler systemd[1]: Stopping User Manager for UID 1000...
Sep 14 10:27:47 jsumler systemd[1]: Stopping RealtimeKit Scheduling Policy Service...
Sep 14 10:27:47 jsumler systemd[1]: Closed Load/Save RF Kill Switch Status /dev/rfkill Watch.
Sep 14 10:27:47 jsumler systemd[1]: Stopped Stop ureadahead data collection 45s after completed startup.
Sep 14 10:27:47 jsumler systemd[1]: Stopping ACPI event daemon...
Sep 14 10:27:47 jsumler systemd[1]: Stopping IIO Sensor Proxy service...
Sep 14 10:27:47 jsumler systemd[1]: Stopped target Timers.
Sep 14 10:27:47 jsumler systemd[1]: Stopped Daily Cleanup of Temporary Directories.
Sep 14 10:27:47 jsumler systemd[1]: Stopped Daily apt upgrade and clean activities.
Sep 14 10:27:47 jsumler systemd[1]: Stopped Daily apt download activities.
Sep 14 10:27:47 jsumler systemd[1]: Stopping Save/Restore Sound Card State...
Sep 14 10:27:47 jsumler systemd[1]: Stopping Firmware update daemon...
Sep 14 10:27:47 jsumler systemd[1]: Stopping Daemon for power management...
Sep 14 10:27:47 jsumler systemd[1]: Stopping Disk Manager...
Sep 14 10:27:47 jsumler systemd[1]: Stopping Manage, Install and Generate Color Profiles...
Sep 14 10:27:47 jsumler systemd[1]: Stopping Authorization Manager...
Sep 14 10:27:47 jsumler systemd[1]: Stopped Message of the Day.
Sep 14 10:27:47 jsumler systemd[1]: Stopping Session c2 of user jsumler.
Sep 14 10:27:47 jsumler systemd[1]: Stopping PackageKit Daemon...
Sep 14 10:27:47 jsumler bluetoothd[345]: Terminating
Sep 14 10:27:47 jsumler systemd[1]: Stopped target Bluetooth.
Sep 14 10:27:47 jsumler systemd[1]: Stopping Bluetooth service...
Sep 14 10:27:47 jsumler systemd[1]: Stopped target Graphical Interface.
Sep 14 10:27:47 jsumler systemd[1]: Stopped target Multi-User System.
Sep 14 10:27:47 jsumler systemd[1]: Stopping Cgroup management daemon...
Sep 14 10:27:47 jsumler bluetoothd[345]: Endpoint unregistered: sender=:1.136 path=/MediaEndpoint/A2DPSource
Sep 14 10:27:47 jsumler systemd[1]: Stopping Unattended Upgrades Shutdown...
Sep 14 10:27:47 jsumler bluetoothd[345]: Endpoint unregistered: sender=:1.136 path=/MediaEndpoint/A2DPSink
Sep 14 10:27:47 jsumler systemd[1]: Stopping Berkeley Open Infrastructure Network Computing Client...
Sep 14 10:27:47 jsumler systemd[1]: Stopped Run Click system-level hooks.
Sep 14 10:27:47 jsumler udisksd[3798]: udisks daemon version 2.1.8 exiting
Sep 14 10:27:47 jsumler systemd[1]: Stopping LSB: automatic crash report generation...
Sep 14 10:27:47 jsumler dbus[1331]: [system] Activating via systemd: service name='org.freedesktop.PolicyKit1' unit='polkit.service'
Sep 14 10:27:47 jsumler bluetoothd[345]: Stopping SDP server
Sep 14 10:27:47 jsumler bluetoothd[345]: Exit
Sep 14 10:27:47 jsumler org.a11y.atspi.Registry[3732]: XIO:  fatal IO error 11 (Resource temporarily unavailable) on X server ":0"
Sep 14 10:27:47 jsumler org.a11y.atspi.Registry[3732]:       after 563549 requests (563549 known processed) with 0 events remaining.
Sep 14 10:27:47 jsumler systemd[1]: Stopping Suspend/Resume Running libvirt Guests...
Sep 14 10:19:45 jsumler rsyslogd: message repeated 27 times: [ [origin software="rsyslogd" swVersion="8.16.0" x-pid="1312" x-info="http://www.rsyslog.com"] rsyslogd was HUPed]
Sep 14 10:27:47 jsumler rsyslogd: [origin software="rsyslogd" swVersion="8.16.0" x-pid="1312" x-info="http://www.rsyslog.com"] exiting on signal 15.
Sep 14 14:31:07 jsumler rsyslogd: [origin software="rsyslogd" swVersion="8.16.0" x-pid="1429" x-info="http://www.rsyslog.com"] start
Sep 14 14:31:07 jsumler rsyslogd: rsyslogd's groupid changed to 110
Sep 14 14:31:07 jsumler rsyslogd: rsyslogd's userid changed to 104
Sep 14 14:31:07 jsumler systemd-modules-load[465]: Inserted module 'lp'
Sep 14 14:31:07 jsumler systemd[1]: Mounted Huge Pages File System.
Sep 14 14:31:07 jsumler systemd[1]: Mounted POSIX Message Queue File System.
Sep 14 14:31:07 jsumler systemd[1]: Mounted Debug File System.
Sep 14 14:31:07 jsumler systemd-modules-load[465]: Inserted module 'ppdev'
Sep 14 14:31:07 jsumler systemd-modules-load[465]: Inserted module 'parport_pc'
Sep 14 14:31:07 jsumler systemd[1]: Started Load Kernel Modules.
Sep 14 14:31:07 jsumler systemd[1]: Started LVM2 metadata daemon.
Sep 14 14:31:07 jsumler systemd[1]: Mounting FUSE Control File System...
Sep 14 14:31:07 jsumler systemd[1]: Starting Apply Kernel Variables...
Sep 14 14:31:07 jsumler systemd[1]: Mounted FUSE Control File System.
Sep 14 14:31:07 jsumler keyboard-setup.sh[466]:  * Setting up keyboard layout...
Sep 14 14:31:07 jsumler systemd[1]: Started Apply Kernel Variables.
Sep 14 14:31:07 jsumler systemd[1]: Started Create Static Device Nodes in /dev.
Sep 14 14:31:07 jsumler systemd[1]: Starting udev Kernel Device Manager...
Sep 14 14:31:07 jsumler keyboard-setup.sh[466]:    ...done.
Sep 14 14:31:07 jsumler systemd[1]: Started Set the console keyboard layout.
Sep 14 14:31:07 jsumler rsyslogd-2039: Could not open output pipe '/dev/xconsole':: No such file or directory [v8.16.0 try http://www.rsyslog.com/e/2039 ]
Sep 14 14:31:07 jsumler lvm[468]:   2 logical volume(s) in volume group "ubuntu-vg" monitored
Sep 14 14:31:07 jsumler systemd[1]: Started Monitoring of LVM2 mirrors, snapshots etc. using dmeventd or progress polling.
Sep 14 14:31:07 jsumler systemd[1]: Started udev Kernel Device Manager.
Sep 14 14:31:07 jsumler systemd[1]: Starting Remount Root and Kernel File Systems...
Sep 14 14:31:07 jsumler rsyslogd-2007: action 'action 11' suspended, next retry is Thu Sep 14 14:31:37 2017 [v8.16.0 try http://www.rsyslog.com/e/2007 ]
Sep 14 14:31:07 jsumler systemd[1]: Started Remount Root and Kernel File Systems.
Sep 14 14:31:07 jsumler systemd[1]: Starting Flush Journal to Persistent Storage...
Sep 14 14:31:07 jsumler systemd[1]: Starting udev Coldplug all Devices...
Sep 14 14:31:07 jsumler systemd[1]: Reached target Local File Systems (Pre).
Sep 14 14:31:07 jsumler systemd[1]: Starting Load/Save Random Seed...
Sep 14 14:31:07 jsumler systemd[1]: Started Load/Save Random Seed.
Sep 14 14:31:07 jsumler systemd[1]: Started Flush Journal to Persistent Storage.
Sep 14 14:31:07 jsumler systemd[1]: Started udev Coldplug all Devices.
Sep 14 14:31:07 jsumler kernel: [    0.000000] microcode: microcode updated early to revision 0x22, date = 2017-01-27
Sep 14 14:31:07 jsumler systemd[1]: Starting Show Plymouth Boot Screen...
Sep 14 14:31:07 jsumler kernel: [    0.000000] Linux version 4.10.0-35-generic (buildd@lcy01-16) (gcc version 6.3.0 20170406 (Ubuntu 6.3.0-12ubuntu2) ) #39-Ubuntu SMP Wed Sep 13 07:46:59 UTC 2017 (Ubuntu 4.10.0-35.39-generic 4.10.17)
Sep 14 14:31:07 jsumler kernel: [    0.000000] Command line: BOOT_IMAGE=/vmlinuz-4.10.0-35-generic root=/dev/mapper/ubuntu--vg-root ro quiet splash vt.handoff=7
Sep 14 14:31:07 jsumler kernel: [    0.000000] KERNEL supported cpus:
Sep 14 14:31:07 jsumler kernel: [    0.000000]   Intel GenuineIntel
Sep 14 14:31:07 jsumler systemd[1]: Started Show Plymouth Boot Screen.
Sep 14 14:31:07 jsumler kernel: [    0.000000]   AMD AuthenticAMD
Sep 14 14:31:07 jsumler kernel: [    0.000000]   Centaur CentaurHauls
Sep 14 14:31:07 jsumler kernel: [    0.000000] x86/fpu: Supporting XSAVE feature 0x001: 'x87 floating point registers'
Sep 14 14:31:07 jsumler systemd[1]: Started Forward Password Requests to Plymouth Directory Watch.
Sep 14 14:31:07 jsumler kernel: [    0.000000] x86/fpu: Supporting XSAVE feature 0x002: 'SSE registers'
Sep 14 14:31:07 jsumler kernel: [    0.000000] x86/fpu: Supporting XSAVE feature 0x004: 'AVX registers'
Sep 14 14:31:07 jsumler kernel: [    0.000000] x86/fpu: xstate_offset[2]:  576, xstate_sizes[2]:  256
Sep 14 14:31:07 jsumler systemd[1]: Created slice system-systemd\x2dbacklight.slice.
Sep 14 14:31:07 jsumler kernel: [    0.000000] x86/fpu: Enabled xstate features 0x7, context size is 832 bytes, using 'standard' format.
Sep 14 14:31:07 jsumler kernel: [    0.000000] e820: BIOS-provided physical RAM map:
Sep 14 14:31:07 jsumler kernel: [    0.000000] BIOS-e820: [mem 0x0000000000000000-0x000000000009dbff] usable
Sep 14 14:31:07 jsumler kernel: [    0.000000] BIOS-e820: [mem 0x000000000009dc00-0x000000000009ffff] reserved
Sep 14 14:31:07 jsumler kernel: [    0.000000] BIOS-e820: [mem 0x00000000000e0000-0x00000000000fffff] reserved
Sep 14 14:31:07 jsumler systemd[1]: Starting Load/Save Screen Backlight Brightness of backlight:intel_backlight...
Sep 14 14:31:07 jsumler kernel: [    0.000000] BIOS-e820: [mem 0x0000000000100000-0x0000000088b7efff] usable
Sep 14 14:31:07 jsumler kernel: [    0.000000] BIOS-e820: [mem 0x0000000088b7f000-0x0000000089e7efff] reserved
Sep 14 14:31:07 jsumler kernel: [    0.000000] BIOS-e820: [mem 0x0000000089e7f000-0x0000000089f7efff] ACPI NVS
Sep 14 14:31:07 jsumler kernel: [    0.000000] BIOS-e820: [mem 0x0000000089f7f000-0x0000000089ffefff] ACPI data
Sep 14 14:31:07 jsumler kernel: [    0.000000] BIOS-e820: [mem 0x0000000089fff000-0x0000000089ffffff] usable
Sep 14 14:31:07 jsumler systemd[1]: Started Load/Save Screen Backlight Brightness of backlight:intel_backlight.
Sep 14 14:31:07 jsumler kernel: [    0.000000] BIOS-e820: [mem 0x000000008a000000-0x000000008f1fffff] reserved
Sep 14 14:31:07 jsumler kernel: [    0.000000] BIOS-e820: [mem 0x00000000e0000000-0x00000000efffffff] reserved
Sep 14 14:31:07 jsumler kernel: [    0.000000] BIOS-e820: [mem 0x00000000fec00000-0x00000000fec00fff] reserved
Sep 14 14:31:07 jsumler kernel: [    0.000000] BIOS-e820: [mem 0x00000000fed10000-0x00000000fed13fff] reserved
Sep 14 14:31:07 jsumler mtp-probe: checking bus 3, device 2: "/sys/devices/pci0000:00/0000:00:14.0/usb3/3-7"
Sep 14 14:31:07 jsumler kernel: [    0.000000] BIOS-e820: [mem 0x00000000fed18000-0x00000000fed19fff] reserved
Sep 14 14:31:07 jsumler kernel: [    0.000000] BIOS-e820: [mem 0x00000000fed1c000-0x00000000fed1ffff] reserved
Sep 14 14:31:07 jsumler kernel: [    0.000000] BIOS-e820: [mem 0x00000000fee00000-0x00000000fee00fff] reserved
Sep 14 14:31:07 jsumler mtp-probe: bus: 3, device: 2 was not an MTP device
Sep 14 14:31:07 jsumler kernel: [    0.000000] BIOS-e820: [mem 0x00000000ff990000-0x00000000ffffffff] reserved
Sep 14 14:31:07 jsumler kernel: [    0.000000] BIOS-e820: [mem 0x0000000100000000-0x000000046fdfffff] usable
Sep 14 14:31:07 jsumler systemd[1]: Listening on Load/Save RF Kill Switch Status /dev/rfkill Watch.
Sep 14 14:31:07 jsumler kernel: [    0.000000] NX (Execute Disable) protection: active
Sep 14 14:31:07 jsumler kernel: [    0.000000] SMBIOS 2.7 present.
Sep 14 14:31:07 jsumler kernel: [    0.000000] DMI: Hewlett-Packard HP ProBook 450 G1/1942, BIOS L74 Ver. 01.09 04/29/2014
Sep 14 14:31:07 jsumler kernel: [    0.000000] e820: update [mem 0x00000000-0x00000fff] usable ==> reserved
Sep 14 14:31:07 jsumler systemd[1]: Starting Load/Save RF Kill Switch Status...
Sep 14 14:31:07 jsumler kernel: [    0.000000] e820: remove [mem 0x000a0000-0x000fffff] usable
Sep 14 14:31:07 jsumler kernel: [    0.000000] e820: last_pfn = 0x46fe00 max_arch_pfn = 0x400000000
Sep 14 14:31:07 jsumler kernel: [    0.000000] MTRR default type: uncachable
Sep 14 14:31:07 jsumler kernel: [    0.000000] MTRR fixed ranges enabled:
Sep 14 14:31:07 jsumler kernel: [    0.000000]   00000-9FFFF write-back
Sep 14 14:31:07 jsumler kernel: [    0.000000]   A0000-BFFFF uncachable
Sep 14 14:31:07 jsumler systemd[1]: Reached target Sound Card.
Sep 14 14:31:07 jsumler kernel: [    0.000000]   C0000-FFFFF write-protect
Sep 14 14:31:07 jsumler kernel: [    0.000000] MTRR variable ranges enabled:
Sep 14 14:31:07 jsumler kernel: [    0.000000]   0 base 00FF800000 mask 7FFF800000 write-protect
Sep 14 14:31:07 jsumler kernel: [    0.000000]   1 base 0000000000 mask 7F80000000 write-back
Sep 14 14:31:07 jsumler kernel: [    0.000000]   2 base 0080000000 mask 7FF8000000 write-back
Sep 14 14:31:07 jsumler systemd[1]: Starting Show Plymouth Boot Screen...
Sep 14 14:31:07 jsumler kernel: [    0.000000]   3 base 0088000000 mask 7FFE000000 write-back
Sep 14 14:31:07 jsumler systemd[1]: Started Show Plymouth Boot Screen.
Sep 14 14:31:07 jsumler kernel: [    0.000000]   4 base 008A000000 mask 7FFF000000 uncachable
Sep 14 14:31:07 jsumler kernel: [    0.000000]   5 base 0100000000 mask 7F00000000 write-back
Sep 14 14:31:07 jsumler kernel: [    0.000000]   6 base 0200000000 mask 7E00000000 write-back
Sep 14 14:31:07 jsumler kernel: [    0.000000]   7 base 0400000000 mask 7F80000000 write-back
Sep 14 14:31:07 jsumler kernel: [    0.000000]   8 base 0470000000 mask 7FF0000000 uncachable
Sep 14 14:31:07 jsumler systemd[1]: Started Load/Save RF Kill Switch Status.
Sep 14 14:31:07 jsumler kernel: [    0.000000]   9 base 046FE00000 mask 7FFFE00000 uncachable
Sep 14 14:31:07 jsumler kernel: [    0.000000] x86/PAT: Configuration [0-7]: WB  WC  UC- UC  WB  WC  UC- WT  
Sep 14 14:31:07 jsumler kernel: [    0.000000] e820: last_pfn = 0x8a000 max_arch_pfn = 0x400000000
Sep 14 14:31:07 jsumler systemd[1]: Starting Show Plymouth Boot Screen...
Sep 14 14:31:07 jsumler kernel: [    0.000000] Scanning 1 areas for low memory corruption
Sep 14 14:31:07 jsumler kernel: [    0.000000] Base memory trampoline at [ffff8f14c0097000] 97000 size 24576
Sep 14 14:31:07 jsumler kernel: [    0.000000] Using GB pages for direct mapping
Sep 14 14:31:07 jsumler systemd[1]: Started Show Plymouth Boot Screen.
Sep 14 14:31:07 jsumler kernel: [    0.000000] BRK [0x1fc02a000, 0x1fc02afff] PGTABLE
Sep 14 14:31:07 jsumler kernel: [    0.000000] BRK [0x1fc02b000, 0x1fc02bfff] PGTABLE
Sep 14 14:31:07 jsumler kernel: [    0.000000] BRK [0x1fc02c000, 0x1fc02cfff] PGTABLE
Sep 14 14:31:07 jsumler kernel: [    0.000000] BRK [0x1fc02d000, 0x1fc02dfff] PGTABLE
Sep 14 14:31:07 jsumler kernel: [    0.000000] BRK [0x1fc02e000, 0x1fc02efff] PGTABLE
Sep 14 14:31:07 jsumler kernel: [    0.000000] BRK [0x1fc02f000, 0x1fc02ffff] PGTABLE
Sep 14 14:31:07 jsumler systemd[1]: Starting Show Plymouth Boot Screen...
Sep 14 14:31:07 jsumler kernel: [    0.000000] BRK [0x1fc030000, 0x1fc030fff] PGTABLE
Sep 14 14:31:07 jsumler kernel: [    0.000000] BRK [0x1fc031000, 0x1fc031fff] PGTABLE
Sep 14 14:31:07 jsumler kernel: [    0.000000] RAMDISK: [mem 0x3297b000-0x354b4fff]
Sep 14 14:31:07 jsumler kernel: [    0.000000] ACPI: Early table checksum verification disabled
Sep 14 14:31:07 jsumler systemd[1]: Started Show Plymouth Boot Screen.
Sep 14 14:31:07 jsumler kernel: [    0.000000] ACPI: RSDP 0x00000000000F2FE0 000024 (v02 HPQOEM)
Sep 14 14:31:07 jsumler systemd-udevd[586]: Process '/sbin/crda' failed with exit code 249.
Sep 14 14:31:07 jsumler kernel: [    0.000000] ACPI: XSDT 0x0000000089FFE120 00009C (v01 HPQOEM SLIC-MPC 00000001      01000013)
Sep 14 14:31:07 jsumler kernel: [    0.000000] ACPI: FACP 0x0000000089FFC000 00010C (v05 HPQOEM 1942     00000001 HP   00000001)
Sep 14 14:31:07 jsumler kernel: [    0.000000] ACPI: DSDT 0x0000000089FD2000 02411E (v02 HPQOEM 1942     00000001 INTL 20110112)
Sep 14 14:31:07 jsumler kernel: [    0.000000] ACPI: FACS 0x0000000089E31000 000040
Sep 14 14:31:07 jsumler systemd-udevd[589]: Process '/usr/sbin/alsactl -E HOME=/run/alsa restore 0' failed with exit code 99.
Sep 14 14:31:07 jsumler kernel: [    0.000000] ACPI: FACS 0x0000000089E31000 000040
Sep 14 14:31:07 jsumler kernel: [    0.000000] ACPI: HPET 0x0000000089FFB000 000038 (v01 HPQOEM 1942     00000001 HP   00000001)
Sep 14 14:31:07 jsumler kernel: [    0.000000] ACPI: APIC 0x0000000089FFA000 0000BC (v01 HPQOEM 1942     00000001 HP   00000001)
Sep 14 14:31:07 jsumler systemd[1]: Found device /dev/mapper/ubuntu--vg-swap_1.
Sep 14 14:31:07 jsumler kernel: [    0.000000] ACPI: MCFG 0x0000000089FF9000 00003C (v01 HPQOEM 1942     00000001 HP   00000001)
Sep 14 14:31:07 jsumler kernel: [    0.000000] ACPI: ASF! 0x0000000089FF8000 0000A5 (v32 HPQOEM 1942     00000001 HP   00000001)
Sep 14 14:31:07 jsumler kernel: [    0.000000] ACPI: SSDT 0x0000000089FCF000 000421 (v01 HPQOEM SataAhci 00001000 INTL 20110112)
Sep 14 14:31:07 jsumler kernel: [    0.000000] ACPI: SSDT 0x0000000089FCE000 00048A (v01 HPQOEM PtidDevc 00001000 INTL 20110112)
Sep 14 14:31:07 jsumler kernel: [    0.000000] ACPI: SLIC 0x0000000089FCD000 000176 (v01 HPQOEM SLIC-MPC 00000001 HP   00000001)
Sep 14 14:31:07 jsumler systemd[1]: Activating swap /dev/mapper/ubuntu--vg-swap_1...
Sep 14 14:31:07 jsumler kernel: [    0.000000] ACPI: MSDM 0x0000000089FCC000 000055 (v03 HPQOEM SLIC-MPC 00000000 HP   00000001)
Sep 14 14:31:07 jsumler kernel: [    0.000000] ACPI: FPDT 0x0000000089FCB000 000044 (v01 HPQOEM 1942     00000001 HP   00000001)
Sep 14 14:31:07 jsumler kernel: [    0.000000] ACPI: BGRT 0x0000000089FCA000 000038 (v00 HPQOEM 1942     00000001 HP   00000001)
Sep 14 14:31:07 jsumler kernel: [    0.000000] ACPI: SSDT 0x0000000089FC9000 000544 (v01 PmRef  Cpu0Ist  00003000 INTL 20110112)
Sep 14 14:31:07 jsumler kernel: [    0.000000] ACPI: SSDT 0x0000000089FC8000 000AF3 (v01 PmRef  CpuPm    00003000 INTL 20110112)
Sep 14 14:31:07 jsumler kernel: [    0.000000] ACPI: SSDT 0x0000000089FC7000 000706 (v01 SaSsdt SaSsdt   00003000 INTL 20110112)
Sep 14 14:31:07 jsumler systemd[1]: Activated swap /dev/mapper/ubuntu--vg-swap_1.
Sep 14 14:31:07 jsumler kernel: [    0.000000] ACPI: SSDT 0x0000000089FC4000 0021F4 (v01 HP     AMDSGTBL 00001000 INTL 20110112)
Sep 14 14:31:07 jsumler kernel: [    0.000000] ACPI: Local APIC address 0xfee00000
Sep 14 14:31:07 jsumler kernel: [    0.000000] No NUMA configuration found
Sep 14 14:31:07 jsumler systemd[1]: Reached target Swap.
Sep 14 14:31:07 jsumler kernel: [    0.000000] Faking a node at [mem 0x0000000000000000-0x000000046fdfffff]
Sep 14 14:31:07 jsumler kernel: [    0.000000] NODE_DATA(0) allocated [mem 0x46fdd5000-0x46fdfffff]
Sep 14 14:31:07 jsumler systemd[1]: Found device /dev/mapper/sda5_crypt.
Sep 14 14:31:07 jsumler kernel: [    0.000000] Zone ranges:
Sep 14 14:31:07 jsumler kernel: [    0.000000]   DMA      [mem 0x0000000000001000-0x0000000000ffffff]
Sep 14 14:31:07 jsumler kernel: [    0.000000]   DMA32    [mem 0x0000000001000000-0x00000000ffffffff]
Sep 14 14:31:07 jsumler systemd[1]: Found device ST750LM022_HN-M750MBB 1.
Sep 14 14:31:07 jsumler kernel: [    0.000000]   Normal   [mem 0x0000000100000000-0x000000046fdfffff]
Sep 14 14:31:07 jsumler kernel: [    0.000000]   Device   empty
Sep 14 14:31:07 jsumler kernel: [    0.000000] Movable zone start for each node
Sep 14 14:31:07 jsumler kernel: [    0.000000] Early memory node ranges
Sep 14 14:31:07 jsumler systemd[1]: Starting File System Check on /dev/disk/by-uuid/f69ebb2a-dd8e-4a80-a99f-89620b223d5a...
Sep 14 14:31:07 jsumler kernel: [    0.000000]   node   0: [mem 0x0000000000001000-0x000000000009cfff]
Sep 14 14:31:07 jsumler kernel: [    0.000000]   node   0: [mem 0x0000000000100000-0x0000000088b7efff]
Sep 14 14:31:07 jsumler kernel: [    0.000000]   node   0: [mem 0x0000000089fff000-0x0000000089ffffff]
Sep 14 14:31:07 jsumler kernel: [    0.000000]   node   0: [mem 0x0000000100000000-0x000000046fdfffff]
Sep 14 14:31:07 jsumler systemd[1]: Found device ST750LM022_HN-M750MBB 5.
Sep 14 14:31:07 jsumler kernel: [    0.000000] Initmem setup node 0 [mem 0x0000000000001000-0x000000046fdfffff]
Sep 14 14:31:07 jsumler kernel: [    0.000000] On node 0 totalpages: 4163868
Sep 14 14:31:07 jsumler kernel: [    0.000000]   DMA zone: 64 pages used for memmap
Sep 14 14:31:07 jsumler kernel: [    0.000000]   DMA zone: 21 pages reserved
Sep 14 14:31:07 jsumler systemd[1]: Starting Cryptography Setup for sda5_crypt...
Sep 14 14:31:07 jsumler kernel: [    0.000000]   DMA zone: 3996 pages, LIFO batch:0
Sep 14 14:31:07 jsumler kernel: [    0.000000]   DMA32 zone: 8686 pages used for memmap
Sep 14 14:31:07 jsumler kernel: [    0.000000]   DMA32 zone: 555904 pages, LIFO batch:31
Sep 14 14:31:07 jsumler kernel: [    0.000000]   Normal zone: 56312 pages used for memmap
Sep 14 14:31:07 jsumler systemd[1]: Started File System Check Daemon to report status.
Sep 14 14:31:07 jsumler kernel: [    0.000000]   Normal zone: 3603968 pages, LIFO batch:31
Sep 14 14:31:07 jsumler systemd-cryptsetup[1023]: Volume sda5_crypt already active.
Sep 14 14:31:07 jsumler systemd[1]: Started Cryptography Setup for sda5_crypt.
Sep 14 14:31:07 jsumler systemd[1]: Reached target Encrypted Volumes.
Sep 14 14:31:07 jsumler systemd-fsck[1022]: /dev/sda1: clean, 320/62248 files, 188823/248832 blocks
Sep 14 14:31:07 jsumler systemd[1]: Started File System Check on /dev/disk/by-uuid/f69ebb2a-dd8e-4a80-a99f-89620b223d5a.
Sep 14 14:31:07 jsumler systemd[1]: Mounting /boot...
Sep 14 14:31:07 jsumler systemd[1]: Mounted /boot.
Sep 14 14:31:07 jsumler systemd[1]: Reached target Local File Systems.
Sep 14 14:31:07 jsumler systemd[1]: Starting Tell Plymouth To Write Out Runtime Data...
Sep 14 14:31:07 jsumler systemd[1]: Starting Set console font and keymap...
Sep 14 14:31:07 jsumler systemd[1]: Starting AppArmor initialization...
Sep 14 14:31:07 jsumler systemd[1]: Starting ebtables ruleset management...
Sep 14 14:31:07 jsumler systemd[1]: Starting Create Volatile Files and Directories...
Sep 14 14:31:07 jsumler systemd-tmpfiles[1084]: [/usr/lib/tmpfiles.d/var.conf:14] Duplicate line for path "/var/log", ignoring.
Sep 14 14:31:07 jsumler systemd[1]: Starting Clean up any mess left by 0dns-up...
Sep 14 14:31:07 jsumler systemd[1]: Started Set console font and keymap.
Sep 14 14:31:07 jsumler systemd[1]: Started Tell Plymouth To Write Out Runtime Data.
Sep 14 14:31:07 jsumler systemd[1]: Started ebtables ruleset management.
Sep 14 14:31:07 jsumler systemd[1]: Started Clean up any mess left by 0dns-up.
Sep 14 14:31:07 jsumler systemd[1]: Starting Nameserver information manager...
Sep 14 14:31:07 jsumler apparmor[1079]:  * Starting AppArmor profiles
Sep 14 14:31:07 jsumler systemd[1]: Started Nameserver information manager.
Sep 14 14:31:07 jsumler systemd[1]: Reached target Network (Pre).
Sep 14 14:31:07 jsumler systemd[1]: Started Create Volatile Files and Directories.
Sep 14 14:31:07 jsumler systemd[1]: Starting Update UTMP about System Boot/Shutdown...
Sep 14 14:31:07 jsumler apparmor[1079]: Skipping profile in /etc/apparmor.d/disable: usr.bin.firefox
Sep 14 14:31:07 jsumler systemd[1]: Starting Network Time Synchronization...
Sep 14 14:31:07 jsumler kernel: [    0.000000] Reserving Intel graphics memory at 0x000000008b200000-0x000000008f1fffff
Sep 14 14:31:07 jsumler systemd[1]: Started Update UTMP about System Boot/Shutdown.
Sep 14 14:31:07 jsumler kernel: [    0.000000] ACPI: PM-Timer IO Port: 0x1808
Sep 14 14:31:07 jsumler kernel: [    0.000000] ACPI: Local APIC address 0xfee00000
Sep 14 14:31:07 jsumler kernel: [    0.000000] ACPI: LAPIC_NMI (acpi_id[0x00] high edge lint[0x1])
Sep 14 14:31:07 jsumler systemd-timesyncd[1291]: The system is configured to read the RTC time in the local time zone. This mode can not be fully supported. All system time to RTC updates are disabled.
Sep 14 14:31:07 jsumler kernel: [    0.000000] ACPI: LAPIC_NMI (acpi_id[0x01] high edge lint[0x1])
Sep 14 14:31:07 jsumler kernel: [    0.000000] ACPI: LAPIC_NMI (acpi_id[0x02] high edge lint[0x1])
Sep 14 14:31:07 jsumler kernel: [    0.000000] ACPI: LAPIC_NMI (acpi_id[0x03] high edge lint[0x1])
Sep 14 14:31:07 jsumler kernel: [    0.000000] ACPI: LAPIC_NMI (acpi_id[0x04] high edge lint[0x1])
Sep 14 14:31:07 jsumler systemd[1]: Started Network Time Synchronization.
Sep 14 14:31:07 jsumler kernel: [    0.000000] ACPI: LAPIC_NMI (acpi_id[0x05] high edge lint[0x1])
Sep 14 14:31:07 jsumler kernel: [    0.000000] ACPI: LAPIC_NMI (acpi_id[0x06] high edge lint[0x1])
Sep 14 14:31:07 jsumler systemd[1]: Reached target System Time Synchronized.
Sep 14 14:31:07 jsumler kernel: [    0.000000] ACPI: LAPIC_NMI (acpi_id[0x07] high edge lint[0x1])
Sep 14 14:31:07 jsumler kernel: [    0.000000] IOAPIC[0]: apic_id 0, version 32, address 0xfec00000, GSI 0-23
Sep 14 14:31:07 jsumler kernel: [    0.000000] ACPI: INT_SRC_OVR (bus 0 bus_irq 0 global_irq 2 dfl dfl)
Sep 14 14:31:07 jsumler kernel: [    0.000000] ACPI: INT_SRC_OVR (bus 0 bus_irq 9 global_irq 9 high level)
Sep 14 14:31:07 jsumler kernel: [    0.000000] ACPI: IRQ0 used by override.
Sep 14 14:31:07 jsumler apparmor[1079]: Skipping profile in /etc/apparmor.d/disable: usr.sbin.rsyslogd
Sep 14 14:31:07 jsumler kernel: [    0.000000] ACPI: IRQ9 used by override.
Sep 14 14:31:07 jsumler kernel: [    0.000000] Using ACPI (MADT) for SMP configuration information
Sep 14 14:31:07 jsumler kernel: [    0.000000] ACPI: HPET id: 0x8086a201 base: 0xfed00000
Sep 14 14:31:07 jsumler apparmor[1079]:    ...done.
Sep 14 14:31:07 jsumler kernel: [    0.000000] smpboot: Allowing 8 CPUs, 0 hotplug CPUs
Sep 14 14:31:07 jsumler kernel: [    0.000000] PM: Registered nosave memory: [mem 0x00000000-0x00000fff]
Sep 14 14:31:07 jsumler kernel: [    0.000000] PM: Registered nosave memory: [mem 0x0009d000-0x0009dfff]
Sep 14 14:31:07 jsumler systemd[1]: Started AppArmor initialization.
Sep 14 14:31:07 jsumler kernel: [    0.000000] PM: Registered nosave memory: [mem 0x0009e000-0x0009ffff]
Sep 14 14:31:07 jsumler kernel: [    0.000000] PM: Registered nosave memory: [mem 0x000a0000-0x000dffff]
Sep 14 14:31:07 jsumler kernel: [    0.000000] PM: Registered nosave memory: [mem 0x000e0000-0x000fffff]
Sep 14 14:31:07 jsumler kernel: [    0.000000] PM: Registered nosave memory: [mem 0x88b7f000-0x89e7efff]
Sep 14 14:31:07 jsumler systemd[1]: Reached target System Initialization.
Sep 14 14:31:07 jsumler kernel: [    0.000000] PM: Registered nosave memory: [mem 0x89e7f000-0x89f7efff]
Sep 14 14:31:07 jsumler kernel: [    0.000000] PM: Registered nosave memory: [mem 0x89f7f000-0x89ffefff]
Sep 14 14:31:07 jsumler kernel: [    0.000000] PM: Registered nosave memory: [mem 0x8a000000-0x8f1fffff]
Sep 14 14:31:07 jsumler systemd[1]: Listening on ACPID Listen Socket.
Sep 14 14:31:07 jsumler kernel: [    0.000000] PM: Registered nosave memory: [mem 0x8f200000-0xdfffffff]
Sep 14 14:31:07 jsumler kernel: [    0.000000] PM: Registered nosave memory: [mem 0xe0000000-0xefffffff]
Sep 14 14:31:07 jsumler kernel: [    0.000000] PM: Registered nosave memory: [mem 0xf0000000-0xfebfffff]
Sep 14 14:31:07 jsumler kernel: [    0.000000] PM: Registered nosave memory: [mem 0xfec00000-0xfec00fff]
Sep 14 14:31:07 jsumler systemd[1]: Listening on CUPS Scheduler.
Sep 14 14:31:07 jsumler kernel: [    0.000000] PM: Registered nosave memory: [mem 0xfec01000-0xfed0ffff]
Sep 14 14:31:07 jsumler kernel: [    0.000000] PM: Registered nosave memory: [mem 0xfed10000-0xfed13fff]
Sep 14 14:31:07 jsumler kernel: [    0.000000] PM: Registered nosave memory: [mem 0xfed14000-0xfed17fff]
Sep 14 14:31:07 jsumler systemd[1]: Started Daily Cleanup of Temporary Directories.
Sep 14 14:31:07 jsumler kernel: [    0.000000] PM: Registered nosave memory: [mem 0xfed18000-0xfed19fff]
Sep 14 14:31:07 jsumler kernel: [    0.000000] PM: Registered nosave memory: [mem 0xfed1a000-0xfed1bfff]
Sep 14 14:31:07 jsumler kernel: [    0.000000] PM: Registered nosave memory: [mem 0xfed1c000-0xfed1ffff]
Sep 14 14:31:07 jsumler kernel: [    0.000000] PM: Registered nosave memory: [mem 0xfed20000-0xfedfffff]
Sep 14 14:31:07 jsumler systemd[1]: Started Timer to automatically refresh installed snaps.
Sep 14 14:31:07 jsumler kernel: [    0.000000] PM: Registered nosave memory: [mem 0xfee00000-0xfee00fff]
Sep 14 14:31:07 jsumler kernel: [    0.000000] PM: Registered nosave memory: [mem 0xfee01000-0xff98ffff]
Sep 14 14:31:07 jsumler kernel: [    0.000000] PM: Registered nosave memory: [mem 0xff990000-0xffffffff]
Sep 14 14:31:07 jsumler kernel: [    0.000000] e820: [mem 0x8f200000-0xdfffffff] available for PCI devices
Sep 14 14:31:07 jsumler kernel: [    0.000000] Booting paravirtualized kernel on bare hardware
Sep 14 14:31:07 jsumler systemd[1]: Listening on UUID daemon activation socket.
Sep 14 14:31:07 jsumler kernel: [    0.000000] clocksource: refined-jiffies: mask: 0xffffffff max_cycles: 0xffffffff, max_idle_ns: 7645519600211568 ns
Sep 14 14:31:07 jsumler kernel: [    0.000000] setup_percpu: NR_CPUS:8192 nr_cpumask_bits:8 nr_cpu_ids:8 nr_node_ids:1
Sep 14 14:31:07 jsumler kernel: [    0.000000] percpu: Embedded 36 pages/cpu @ffff8f192fa00000 s107992 r8192 d31272 u262144
Sep 14 14:31:07 jsumler systemd[1]: Listening on D-Bus System Message Bus Socket.
Sep 14 14:31:07 jsumler kernel: [    0.000000] pcpu-alloc: s107992 r8192 d31272 u262144 alloc=1*2097152
Sep 14 14:31:07 jsumler kernel: [    0.000000] pcpu-alloc: [0] 0 1 2 3 4 5 6 7 
Sep 14 14:31:07 jsumler kernel: [    0.000000] Built 1 zonelists in Node order, mobility grouping on.  Total pages: 4098785
Sep 14 14:31:07 jsumler systemd[1]: Started Timer to automatically fetch and run repair assertions.
Sep 14 14:31:07 jsumler kernel: [    0.000000] Policy zone: Normal
Sep 14 14:31:07 jsumler kernel: [    0.000000] Kernel command line: BOOT_IMAGE=/vmlinuz-4.10.0-35-generic root=/dev/mapper/ubuntu--vg-root ro quiet splash vt.handoff=7
Sep 14 14:31:07 jsumler kernel: [    0.000000] PID hash table entries: 4096 (order: 3, 32768 bytes)
Sep 14 14:31:07 jsumler kernel: [    0.000000] Calgary: detecting Calgary via BIOS EBDA area
Sep 14 14:31:07 jsumler kernel: [    0.000000] Calgary: Unable to locate Rio Grande table in EBDA - bailing!
Sep 14 14:31:07 jsumler systemd[1]: Listening on Virtual machine log manager socket.
Sep 14 14:31:07 jsumler kernel: [    0.000000] Memory: 16260944K/16655472K available (9091K kernel code, 1667K rwdata, 3820K rodata, 2232K init, 2364K bss, 394528K reserved, 0K cma-reserved)
Sep 14 14:31:07 jsumler kernel: [    0.000000] SLUB: HWalign=64, Order=0-3, MinObjects=0, CPUs=8, Nodes=1
Sep 14 14:31:07 jsumler kernel: [    0.000000] Hierarchical RCU implementation.
Sep 14 14:31:07 jsumler kernel: [    0.000000] 	Build-time adjustment of leaf fanout to 64.
Sep 14 14:31:07 jsumler systemd[1]: Started Message of the Day.
Sep 14 14:31:07 jsumler kernel: [    0.000000] 	RCU restricting CPUs from NR_CPUS=8192 to nr_cpu_ids=8.
Sep 14 14:31:07 jsumler kernel: [    0.000000] RCU: Adjusting geometry for rcu_fanout_leaf=64, nr_cpu_ids=8
Sep 14 14:31:07 jsumler kernel: [    0.000000] NR_IRQS:524544 nr_irqs:488 16
Sep 14 14:31:07 jsumler systemd[1]: Listening on Virtual machine lock manager socket.
Sep 14 14:31:07 jsumler kernel: [    0.000000] vt handoff: transparent VT on vt#7
Sep 14 14:31:07 jsumler kernel: [    0.000000] Console: colour dummy device 80x25
Sep 14 14:31:07 jsumler kernel: [    0.000000] console [tty0] enabled
Sep 14 14:31:07 jsumler kernel: [    0.000000] clocksource: hpet: mask: 0xffffffff max_cycles: 0xffffffff, max_idle_ns: 133484882848 ns
Sep 14 14:31:07 jsumler systemd[1]: Starting Docker Socket for the API.
Sep 14 14:31:07 jsumler kernel: [    0.000000] hpet clockevent registered
Sep 14 14:31:07 jsumler kernel: [    0.000000] tsc: Fast TSC calibration using PIT
Sep 14 14:31:07 jsumler kernel: [    0.000000] tsc: Detected 2194.720 MHz processor
Sep 14 14:31:07 jsumler systemd[1]: Started CUPS Scheduler.
Sep 14 14:31:07 jsumler kernel: [    0.000025] Calibrating delay loop (skipped), value calculated using timer frequency.. 4389.44 BogoMIPS (lpj=8778880)
Sep 14 14:31:07 jsumler kernel: [    0.000027] pid_max: default: 32768 minimum: 301
Sep 14 14:31:07 jsumler kernel: [    0.000036] ACPI: Core revision 20160930
Sep 14 14:31:07 jsumler kernel: [    0.012475] ACPI: 7 ACPI AML tables successfully acquired and loaded
Sep 14 14:31:07 jsumler systemd[1]: Listening on Avahi mDNS/DNS-SD Stack Activation Socket.
Sep 14 14:31:07 jsumler kernel: [    0.012502] Security Framework initialized
Sep 14 14:31:07 jsumler kernel: [    0.012503] Yama: becoming mindful.
Sep 14 14:31:07 jsumler kernel: [    0.012518] AppArmor: AppArmor initialized
Sep 14 14:31:07 jsumler systemd[1]: Started ACPI Events Check.
Sep 14 14:31:07 jsumler kernel: [    0.013350] Dentry cache hash table entries: 2097152 (order: 12, 16777216 bytes)
Sep 14 14:31:07 jsumler kernel: [    0.016436] Inode-cache hash table entries: 1048576 (order: 11, 8388608 bytes)
Sep 14 14:31:07 jsumler kernel: [    0.017781] Mount-cache hash table entries: 32768 (order: 6, 262144 bytes)
Sep 14 14:31:07 jsumler kernel: [    0.017797] Mountpoint-cache hash table entries: 32768 (order: 6, 262144 bytes)
Sep 14 14:31:07 jsumler kernel: [    0.018067] CPU: Physical Processor ID: 0
Sep 14 14:31:07 jsumler kernel: [    0.018067] CPU: Processor Core ID: 0
Sep 14 14:31:07 jsumler kernel: [    0.018072] ENERGY_PERF_BIAS: Set to 'normal', was 'performance'
Sep 14 14:31:07 jsumler systemd[1]: Reached target Paths.
Sep 14 14:31:07 jsumler kernel: [    0.018072] ENERGY_PERF_BIAS: View and update with x86_energy_perf_policy(8)
Sep 14 14:31:07 jsumler kernel: [    0.018076] mce: CPU supports 9 MCE banks
Sep 14 14:31:07 jsumler systemd[1]: Starting Socket activation for snappy daemon.
Sep 14 14:31:07 jsumler kernel: [    0.018086] CPU0: Thermal monitoring enabled (TM1)
Sep 14 14:31:07 jsumler kernel: [    0.018101] process: using mwait in idle threads
Sep 14 14:31:07 jsumler kernel: [    0.018104] Last level iTLB entries: 4KB 1024, 2MB 1024, 4MB 1024
Sep 14 14:31:07 jsumler kernel: [    0.018105] Last level dTLB entries: 4KB 1024, 2MB 1024, 4MB 1024, 1GB 4
Sep 14 14:31:07 jsumler systemd[1]: Starting Raise network interfaces...
Sep 14 14:31:07 jsumler kernel: [    0.019030] Freeing SMP alternatives memory: 36K
Sep 14 14:31:07 jsumler kernel: [    0.037238] ftrace: allocating 34198 entries in 134 pages
Sep 14 14:31:07 jsumler systemd[1]: Listening on Docker Socket for the API.
Sep 14 14:31:07 jsumler kernel: [    0.053489] smpboot: Max logical packages: 2
Sep 14 14:31:07 jsumler kernel: [    0.053896] ..TIMER: vector=0x30 apic1=0 pin1=2 apic2=-1 pin2=-1
Sep 14 14:31:07 jsumler kernel: [    0.093584] TSC deadline timer enabled
Sep 14 14:31:07 jsumler kernel: [    0.093586] smpboot: CPU0: Intel(R) Core(TM) i7-4702MQ CPU @ 2.20GHz (family: 0x6, model: 0x3c, stepping: 0x3)
Sep 14 14:31:07 jsumler systemd[1]: Listening on Socket activation for snappy daemon.
Sep 14 14:31:07 jsumler kernel: [    0.093631] Performance Events: PEBS fmt2+, Haswell events, 16-deep LBR, full-width counters, Intel PMU driver.
Sep 14 14:31:07 jsumler systemd[1]: Reached target Sockets.
Sep 14 14:31:07 jsumler kernel: [    0.093668] ... version:                3
Sep 14 14:31:07 jsumler kernel: [    0.093668] ... bit width:              48
Sep 14 14:31:07 jsumler kernel: [    0.093669] ... generic registers:      4
Sep 14 14:31:07 jsumler kernel: [    0.093669] ... value mask:             0000ffffffffffff
Sep 14 14:31:07 jsumler kernel: [    0.093670] ... max period:             00007fffffffffff
Sep 14 14:31:07 jsumler kernel: [    0.093670] ... fixed-purpose events:   3
Sep 14 14:31:07 jsumler systemd[1]: Reached target Basic System.
Sep 14 14:31:07 jsumler kernel: [    0.093671] ... event mask:             000000070000000f
Sep 14 14:31:07 jsumler kernel: [    0.094531] NMI watchdog: enabled on all CPUs, permanently consumes one hw-PMU counter.
Sep 14 14:31:07 jsumler systemd[1]: Starting LSB: automatic crash report generation...
Sep 14 14:31:07 jsumler kernel: [    0.094545] smp: Bringing up secondary CPUs ...
Sep 14 14:31:07 jsumler kernel: [    0.094608] x86: Booting SMP configuration:
Sep 14 14:31:07 jsumler kernel: [    0.094610] .... node  #0, CPUs:      #1 #2 #3 #4 #5 #6 #7
Sep 14 14:31:07 jsumler systemd[1]: Starting LSB: Record successful boot for GRUB...
Sep 14 14:31:07 jsumler kernel: [    0.105983] smp: Brought up 1 node, 8 CPUs
Sep 14 14:31:07 jsumler kernel: [    0.105985] smpboot: Total of 8 processors activated (35115.52 BogoMIPS)
Sep 14 14:31:07 jsumler kernel: [    0.114230] devtmpfs: initialized
Sep 14 14:31:07 jsumler kernel: [    0.114286] x86/mm: Memory block size: 128MB
Sep 14 14:31:07 jsumler systemd[1]: Starting LSB: VirtualBox Linux kernel module...
Sep 14 14:31:07 jsumler kernel: [    0.117145] evm: security.selinux
Sep 14 14:31:07 jsumler kernel: [    0.117145] evm: security.SMACK64
Sep 14 14:31:07 jsumler systemd[1]: Starting Thermal Daemon Service...
Sep 14 14:31:07 jsumler kernel: [    0.117146] evm: security.SMACK64EXEC
Sep 14 14:31:07 jsumler kernel: [    0.117146] evm: security.SMACK64TRANSMUTE
Sep 14 14:31:07 jsumler kernel: [    0.117146] evm: security.SMACK64MMAP
Sep 14 14:31:07 jsumler kernel: [    0.117147] evm: security.ima
Sep 14 14:31:07 jsumler kernel: [    0.117147] evm: security.capability
Sep 14 14:31:07 jsumler systemd[1]: Starting monitor and control system power state...
Sep 14 14:31:07 jsumler systemd[1]: Starting Snappy daemon...
Sep 14 14:31:07 jsumler systemd[1]: Started ACPI event daemon.
Sep 14 14:31:07 jsumler systemd[1]: Starting Avahi mDNS/DNS-SD Stack...
Sep 14 14:31:07 jsumler systemd[1]: Started Cgroup management daemon.
Sep 14 14:31:07 jsumler systemd[1]: Started Run anacron jobs.
Sep 14 14:31:07 jsumler systemd[1]: Started CUPS Scheduler.
Sep 14 14:31:07 jsumler systemd[1]: Starting LSB: start and stop vzeventd...
Sep 14 14:31:07 jsumler systemd[1]: Starting IIO Sensor Proxy service...
Sep 14 14:31:07 jsumler systemd[1]: Starting Modem Manager...
Sep 14 14:31:07 jsumler systemd[1]: Starting LSB: Speech Dispatcher...
Sep 14 14:31:07 jsumler systemd[1]: Starting LSB: daemon to balance interrupts for SMP systems...
Sep 14 14:31:07 jsumler systemd[1]: Starting Save/Restore Sound Card State...
Sep 14 14:31:07 jsumler systemd[1]: Starting Restore /etc/resolv.conf if the system crashed before the ppp link was shut down...
Sep 14 14:31:07 jsumler systemd[1]: Started Regular background program processing daemon.
Sep 14 14:31:07 jsumler systemd[1]: Starting Accounts Service...
Sep 14 14:31:07 jsumler systemd[1]: Starting System Logging Service...
Sep 14 14:31:07 jsumler systemd[1]: Starting Bluetooth service...
Sep 14 14:31:07 jsumler systemd[1]: Started D-Bus System Message Bus.
Sep 14 14:31:07 jsumler cron[1423]: (CRON) INFO (pidfile fd = 3)
Sep 14 14:31:07 jsumler anacron[1398]: Anacron 2.3 started on 2017-09-14
Sep 14 14:31:07 jsumler acpid: starting up with netlink and the input layer
Sep 14 14:31:07 jsumler bluetoothd[1430]: Bluetooth daemon 5.43
Sep 14 14:31:07 jsumler acpid: 9 rules loaded
Sep 14 14:31:07 jsumler acpid: waiting for events: event logging is off
Sep 14 14:31:07 jsumler avahi-daemon[1393]: Found user 'avahi' (UID 107) and group 'avahi' (GID 116).
Sep 14 14:31:07 jsumler avahi-daemon[1393]: Successfully dropped root privileges.
Sep 14 14:31:07 jsumler avahi-daemon[1393]: avahi-daemon 0.6.32 starting up.
Sep 14 14:31:07 jsumler cron[1423]: (CRON) INFO (Running @reboot jobs)
Sep 14 14:31:07 jsumler kernel: [    0.117206] PM: Registering ACPI NVS region [mem 0x89e7f000-0x89f7efff] (1048576 bytes)
Sep 14 14:31:07 jsumler vboxdrv[1348]: Starting VirtualBox kernel modules ...failed!
Sep 14 14:31:07 jsumler kernel: [    0.117277] clocksource: jiffies: mask: 0xffffffff max_cycles: 0xffffffff, max_idle_ns: 7645041785100000 ns
Sep 14 14:31:07 jsumler kernel: [    0.117290] futex hash table entries: 2048 (order: 5, 131072 bytes)
Sep 14 14:31:07 jsumler kernel: [    0.117346] pinctrl core: initialized pinctrl subsystem
Sep 14 14:31:07 jsumler kernel: [    0.117446] RTC time: 14:30:16, date: 09/14/17
Sep 14 14:31:07 jsumler vboxdrv[1348]:   (modprobe vboxdrv failed. Please use 'dmesg' to find out why)
Sep 14 14:31:07 jsumler kernel: [    0.117527] NET: Registered protocol family 16
Sep 14 14:31:07 jsumler kernel: [    0.133733] cpuidle: using governor ladder
Sep 14 14:31:07 jsumler anacron[1398]: Normal exit (0 jobs run)
Sep 14 14:31:07 jsumler kernel: [    0.149742] cpuidle: using governor menu
Sep 14 14:31:07 jsumler kernel: [    0.149744] PCCT header not found.
Sep 14 14:31:07 jsumler kernel: [    0.149774] ACPI FADT declares the system doesn't support PCIe ASPM, so disable it
Sep 14 14:31:07 jsumler kernel: [    0.149775] ACPI: bus type PCI registered
Sep 14 14:31:07 jsumler kernel: [    0.149776] acpiphp: ACPI Hot Plug PCI Controller Driver version: 0.5
Sep 14 14:31:07 jsumler dbus-daemon[1433]: Unknown group "power" in message bus configuration file
Sep 14 14:31:07 jsumler kernel: [    0.149835] PCI: MMCONFIG for domain 0000 [bus 00-ff] at [mem 0xe0000000-0xefffffff] (base 0xe0000000)
Sep 14 14:31:07 jsumler kernel: [    0.149869] PCI: MMCONFIG at [mem 0xe0000000-0xefffffff] reserved in E820
Sep 14 14:31:07 jsumler ModemManager[1403]: <info>  ModemManager (version 1.6.4) starting in system bus...
Sep 14 14:31:07 jsumler kernel: [    0.149881] PCI: Using configuration type 1 for base access
Sep 14 14:31:07 jsumler kernel: [    0.149940] core: PMU erratum BJ122, BV98, HSD29 worked around, HT is on
Sep 14 14:31:07 jsumler kernel: [    0.150321] mtrr: your CPUs had inconsistent variable MTRR settings
Sep 14 14:31:07 jsumler kernel: [    0.150321] mtrr: probably your BIOS does not setup all CPUs.
Sep 14 14:31:07 jsumler kernel: [    0.150322] mtrr: corrected configuration.
Sep 14 14:31:07 jsumler kernel: [    0.165877] HugeTLB registered 1 GB page size, pre-allocated 0 pages
Sep 14 14:31:07 jsumler kernel: [    0.165878] HugeTLB registered 2 MB page size, pre-allocated 0 pages
Sep 14 14:31:07 jsumler kernel: [    0.166159] ACPI: Added _OSI(Module Device)
Sep 14 14:31:07 jsumler kernel: [    0.166160] ACPI: Added _OSI(Processor Device)
Sep 14 14:31:07 jsumler kernel: [    0.166161] ACPI: Added _OSI(3.0 _SCP Extensions)
Sep 14 14:31:07 jsumler kernel: [    0.166161] ACPI: Added _OSI(Processor Aggregator Device)
Sep 14 14:31:07 jsumler kernel: [    0.166322] ACPI: Executed 1 blocks of module-level executable AML code
Sep 14 14:31:07 jsumler kernel: [    0.172410] ACPI: [Firmware Bug]: BIOS _OSI(Linux) query ignored
Sep 14 14:31:07 jsumler kernel: [    0.204516] ACPI: Dynamic OEM Table Load:
Sep 14 14:31:07 jsumler kernel: [    0.204524] ACPI: SSDT 0xFFFF8F191D3ED000 0003F3 (v01 PmRef  Cpu0Cst  00003001 INTL 20110112)
Sep 14 14:31:07 jsumler kernel: [    0.204835] ACPI: Dynamic OEM Table Load:
Sep 14 14:31:07 jsumler kernel: [    0.204842] ACPI: SSDT 0xFFFF8F191D3BA000 0005DB (v01 PmRef  ApIst    00003000 INTL 20110112)
Sep 14 14:31:07 jsumler kernel: [    0.205179] ACPI: Dynamic OEM Table Load:
Sep 14 14:31:07 jsumler kernel: [    0.205184] ACPI: SSDT 0xFFFF8F191D3E4400 000119 (v01 PmRef  ApCst    00003000 INTL 20110112)
Sep 14 14:31:07 jsumler kernel: [    0.206697] ACPI : EC: EC started
Sep 14 14:31:07 jsumler kernel: [    0.206698] ACPI : EC: interrupt blocked
Sep 14 14:31:07 jsumler kernel: [    2.195403] ACPI: \_SB_.PCI0.LPCB.EC0_: Used as first EC
Sep 14 14:31:07 jsumler kernel: [    2.195405] ACPI: \_SB_.PCI0.LPCB.EC0_: GPE=0x16, EC_CMD/EC_SC=0x66, EC_DATA=0x62
Sep 14 14:31:07 jsumler kernel: [    2.195406] ACPI: \_SB_.PCI0.LPCB.EC0_: Used as boot DSDT EC to handle transactions
Sep 14 14:31:07 jsumler kernel: [    2.195407] ACPI: Interpreter enabled
Sep 14 14:31:07 jsumler kernel: [    2.195435] ACPI: (supports S0 S3 S4 S5)
Sep 14 14:31:07 jsumler kernel: [    2.195436] ACPI: Using IOAPIC for interrupt routing
Sep 14 14:31:07 jsumler kernel: [    2.195454] PCI: Using host bridge windows from ACPI; if necessary, use "pci=nocrs" and report a bug
Sep 14 14:31:07 jsumler kernel: [    2.196202] ACPI: Power Resource [PG00] (on)
Sep 14 14:31:07 jsumler kernel: [    2.197474] ACPI: Power Resource [APPR] (off)
Sep 14 14:31:07 jsumler kernel: [    2.199729] ACPI: Power Resource [COMP] (on)
Sep 14 14:31:07 jsumler kernel: [    2.199909] ACPI: Power Resource [LPP] (on)
Sep 14 14:31:07 jsumler kernel: [    2.203199] ACPI: PCI Root Bridge [PCI0] (domain 0000 [bus 00-fe])
Sep 14 14:31:07 jsumler kernel: [    2.203203] acpi PNP0A08:00: _OSC: OS supports [ExtendedConfig ASPM ClockPM Segments MSI]
Sep 14 14:31:07 jsumler kernel: [    2.204724] acpi PNP0A08:00: _OSC: OS now controls [PCIeHotplug PME AER PCIeCapability]
Sep 14 14:31:07 jsumler kernel: [    2.204725] acpi PNP0A08:00: FADT indicates ASPM is unsupported, using BIOS configuration
Sep 14 14:31:07 jsumler kernel: [    2.205198] PCI host bridge to bus 0000:00
Sep 14 14:31:07 jsumler kernel: [    2.205200] pci_bus 0000:00: root bus resource [io  0x0000-0x0cf7 window]
Sep 14 14:31:07 jsumler kernel: [    2.205202] pci_bus 0000:00: root bus resource [io  0x0d00-0xffff window]
Sep 14 14:31:07 jsumler kernel: [    2.205203] pci_bus 0000:00: root bus resource [mem 0x000a0000-0x000bffff window]
Sep 14 14:31:07 jsumler kernel: [    2.205204] pci_bus 0000:00: root bus resource [mem 0x8f200000-0xdfffffff window]
Sep 14 14:31:07 jsumler kernel: [    2.205205] pci_bus 0000:00: root bus resource [mem 0xf0000000-0xfedfffff window]
Sep 14 14:31:07 jsumler kernel: [    2.205206] pci_bus 0000:00: root bus resource [mem 0xfee01000-0xffffffff window]
Sep 14 14:31:07 jsumler kernel: [    2.205207] pci_bus 0000:00: root bus resource [bus 00-fe]
Sep 14 14:31:07 jsumler kernel: [    2.205214] pci 0000:00:00.0: [8086:0c04] type 00 class 0x060000
Sep 14 14:31:07 jsumler kernel: [    2.205331] pci 0000:00:01.0: [8086:0c01] type 01 class 0x060400
Sep 14 14:31:07 jsumler kernel: [    2.205371] pci 0000:00:01.0: PME# supported from D0 D3hot D3cold
Sep 14 14:31:07 jsumler kernel: [    2.205502] pci 0000:00:02.0: [8086:0416] type 00 class 0x030000
Sep 14 14:31:07 jsumler kernel: [    2.205512] pci 0000:00:02.0: reg 0x10: [mem 0xb0000000-0xb03fffff 64bit]
Sep 14 14:31:07 jsumler kernel: [    2.205517] pci 0000:00:02.0: reg 0x18: [mem 0xa0000000-0xafffffff 64bit pref]
Sep 14 14:31:07 jsumler kernel: [    2.205522] pci 0000:00:02.0: reg 0x20: [io  0x5000-0x503f]
Sep 14 14:31:07 jsumler kernel: [    2.205642] pci 0000:00:03.0: [8086:0c0c] type 00 class 0x040300
Sep 14 14:31:07 jsumler kernel: [    2.205649] pci 0000:00:03.0: reg 0x10: [mem 0xb0a10000-0xb0a13fff 64bit]
Sep 14 14:31:07 jsumler kernel: [    2.205784] pci 0000:00:14.0: [8086:8c31] type 00 class 0x0c0330
Sep 14 14:31:07 jsumler kernel: [    2.205799] pci 0000:00:14.0: reg 0x10: [mem 0xb0a00000-0xb0a0ffff 64bit]
Sep 14 14:31:07 jsumler kernel: [    2.205856] pci 0000:00:14.0: PME# supported from D3hot D3cold
Sep 14 14:31:07 jsumler kernel: [    2.205919] pci 0000:00:14.0: System wakeup disabled by ACPI
Sep 14 14:31:07 jsumler kernel: [    2.205955] pci 0000:00:16.0: [8086:8c3a] type 00 class 0x078000
Sep 14 14:31:07 jsumler kernel: [    2.205972] pci 0000:00:16.0: reg 0x10: [mem 0xb0a19000-0xb0a1900f 64bit]
Sep 14 14:31:07 jsumler kernel: [    2.206038] pci 0000:00:16.0: PME# supported from D0 D3hot D3cold
Sep 14 14:31:07 jsumler kernel: [    2.206138] pci 0000:00:1a.0: [8086:8c2d] type 00 class 0x0c0320
Sep 14 14:31:07 jsumler kernel: [    2.206155] pci 0000:00:1a.0: reg 0x10: [mem 0xb0a1e000-0xb0a1e3ff]
Sep 14 14:31:07 jsumler kernel: [    2.206241] pci 0000:00:1a.0: PME# supported from D0 D3hot D3cold
Sep 14 14:31:07 jsumler kernel: [    2.206306] pci 0000:00:1a.0: System wakeup disabled by ACPI
Sep 14 14:31:07 jsumler kernel: [    2.206341] pci 0000:00:1b.0: [8086:8c20] type 00 class 0x040300
Sep 14 14:31:07 jsumler kernel: [    2.206357] pci 0000:00:1b.0: reg 0x10: [mem 0xb0a14000-0xb0a17fff 64bit]
Sep 14 14:31:07 jsumler kernel: [    2.206428] pci 0000:00:1b.0: PME# supported from D0 D3hot D3cold
Sep 14 14:31:07 jsumler kernel: [    2.206525] pci 0000:00:1c.0: [8086:8c10] type 01 class 0x060400
Sep 14 14:31:07 jsumler kernel: [    2.206596] pci 0000:00:1c.0: PME# supported from D0 D3hot D3cold
Sep 14 14:31:07 jsumler kernel: [    2.206725] pci 0000:00:1c.5: [8086:8c1a] type 01 class 0x060400
Sep 14 14:31:07 jsumler kernel: [    2.206797] pci 0000:00:1c.5: PME# supported from D0 D3hot D3cold
Sep 14 14:31:07 jsumler kernel: [    2.206889] pci 0000:00:1c.5: System wakeup disabled by ACPI
Sep 14 14:31:07 jsumler kernel: [    2.206923] pci 0000:00:1c.6: [8086:8c1c] type 01 class 0x060400
Sep 14 14:31:07 jsumler kernel: [    2.207001] pci 0000:00:1c.6: PME# supported from D0 D3hot D3cold
Sep 14 14:31:07 jsumler kernel: [    2.207095] pci 0000:00:1c.6: System wakeup disabled by ACPI
Sep 14 14:31:07 jsumler kernel: [    2.207131] pci 0000:00:1c.7: [8086:8c1e] type 01 class 0x060400
Sep 14 14:31:07 jsumler kernel: [    2.207201] pci 0000:00:1c.7: PME# supported from D0 D3hot D3cold
Sep 14 14:31:07 jsumler kernel: [    2.207294] pci 0000:00:1c.7: System wakeup disabled by ACPI
Sep 14 14:31:07 jsumler kernel: [    2.207330] pci 0000:00:1d.0: [8086:8c26] type 00 class 0x0c0320
Sep 14 14:31:07 jsumler kernel: [    2.207347] pci 0000:00:1d.0: reg 0x10: [mem 0xb0a1d000-0xb0a1d3ff]
Sep 14 14:31:07 jsumler kernel: [    2.207434] pci 0000:00:1d.0: PME# supported from D0 D3hot D3cold
Sep 14 14:31:07 jsumler kernel: [    2.207498] pci 0000:00:1d.0: System wakeup disabled by ACPI
Sep 14 14:31:07 jsumler kernel: [    2.207535] pci 0000:00:1f.0: [8086:8c4b] type 00 class 0x060100
Sep 14 14:31:07 jsumler kernel: [    2.207730] pci 0000:00:1f.2: [8086:8c03] type 00 class 0x010601
Sep 14 14:31:07 jsumler kernel: [    2.207744] pci 0000:00:1f.2: reg 0x10: [io  0x5088-0x508f]
Sep 14 14:31:07 jsumler kernel: [    2.207751] pci 0000:00:1f.2: reg 0x14: [io  0x5094-0x5097]
Sep 14 14:31:07 jsumler kernel: [    2.207758] pci 0000:00:1f.2: reg 0x18: [io  0x5080-0x5087]
Sep 14 14:31:07 jsumler kernel: [    2.207766] pci 0000:00:1f.2: reg 0x1c: [io  0x5090-0x5093]
Sep 14 14:31:07 jsumler kernel: [    2.207773] pci 0000:00:1f.2: reg 0x20: [io  0x5060-0x507f]
Sep 14 14:31:07 jsumler kernel: [    2.207780] pci 0000:00:1f.2: reg 0x24: [mem 0xb0a1c000-0xb0a1c7ff]
Sep 14 14:31:07 jsumler kernel: [    2.207821] pci 0000:00:1f.2: PME# supported from D3hot
Sep 14 14:31:07 jsumler kernel: [    2.207961] pci 0000:01:00.0: [1002:6600] type 00 class 0x030000
Sep 14 14:31:07 jsumler kernel: [    2.207975] pci 0000:01:00.0: reg 0x10: [mem 0x90000000-0x9fffffff 64bit pref]
Sep 14 14:31:07 jsumler kernel: [    2.207984] pci 0000:01:00.0: reg 0x18: [mem 0xb0900000-0xb093ffff 64bit]
Sep 14 14:31:07 jsumler kernel: [    2.207990] pci 0000:01:00.0: reg 0x20: [io  0x4000-0x40ff]
Sep 14 14:31:07 jsumler kernel: [    2.208000] pci 0000:01:00.0: reg 0x30: [mem 0xfffe0000-0xffffffff pref]
Sep 14 14:31:07 jsumler kernel: [    2.208051] pci 0000:01:00.0: supports D1 D2
Sep 14 14:31:07 jsumler kernel: [    2.208052] pci 0000:01:00.0: PME# supported from D1 D2 D3hot
Sep 14 14:31:07 jsumler kernel: [    2.218961] pci 0000:00:01.0: PCI bridge to [bus 01]
Sep 14 14:31:07 jsumler kernel: [    2.218963] pci 0000:00:01.0:   bridge window [io  0x4000-0x4fff]
Sep 14 14:31:07 jsumler kernel: [    2.218964] pci 0000:00:01.0:   bridge window [mem 0xb0900000-0xb09fffff]
Sep 14 14:31:07 jsumler kernel: [    2.218967] pci 0000:00:01.0:   bridge window [mem 0x90000000-0x9fffffff 64bit pref]
Sep 14 14:31:07 jsumler kernel: [    2.219008] pci 0000:00:1c.0: PCI bridge to [bus 02]
Sep 14 14:31:07 jsumler kernel: [    2.219013] pci 0000:00:1c.0:   bridge window [mem 0xb0800000-0xb08fffff]
Sep 14 14:31:07 jsumler kernel: [    2.219080] pci 0000:03:00.0: [10ec:8168] type 00 class 0x020000
Sep 14 14:31:07 jsumler kernel: [    2.219099] pci 0000:03:00.0: reg 0x10: [io  0x3000-0x30ff]
Sep 14 14:31:07 jsumler kernel: [    2.219127] pci 0000:03:00.0: reg 0x18: [mem 0xb0700000-0xb0700fff 64bit]
Sep 14 14:31:07 jsumler kernel: [    2.219145] pci 0000:03:00.0: reg 0x20: [mem 0xb0400000-0xb0403fff 64bit pref]
Sep 14 14:31:07 jsumler kernel: [    2.219246] pci 0000:03:00.0: supports D1 D2
Sep 14 14:31:07 jsumler kernel: [    2.219247] pci 0000:03:00.0: PME# supported from D0 D1 D2 D3hot D3cold
Sep 14 14:31:07 jsumler kernel: [    2.219291] pci 0000:03:00.0: System wakeup disabled by ACPI
Sep 14 14:31:07 jsumler kernel: [    2.230968] pci 0000:00:1c.5: PCI bridge to [bus 03]
Sep 14 14:31:07 jsumler kernel: [    2.230971] pci 0000:00:1c.5:   bridge window [io  0x3000-0x3fff]
Sep 14 14:31:07 jsumler kernel: [    2.230974] pci 0000:00:1c.5:   bridge window [mem 0xb0700000-0xb07fffff]
Sep 14 14:31:07 jsumler kernel: [    2.230979] pci 0000:00:1c.5:   bridge window [mem 0xb0400000-0xb04fffff 64bit pref]
Sep 14 14:31:07 jsumler kernel: [    2.231056] pci 0000:04:00.0: [8086:08b3] type 00 class 0x028000
Sep 14 14:31:07 jsumler kernel: [    2.231108] pci 0000:04:00.0: reg 0x10: [mem 0xb0600000-0xb0601fff 64bit]
Sep 14 14:31:07 jsumler kernel: [    2.231365] pci 0000:04:00.0: PME# supported from D0 D3hot D3cold
Sep 14 14:31:07 jsumler kernel: [    2.242989] pci 0000:00:1c.6: PCI bridge to [bus 04]
Sep 14 14:31:07 jsumler kernel: [    2.242994] pci 0000:00:1c.6:   bridge window [mem 0xb0600000-0xb06fffff]
Sep 14 14:31:07 jsumler kernel: [    2.243052] pci 0000:05:00.0: [10ec:5227] type 00 class 0xff0000
Sep 14 14:31:07 jsumler kernel: [    2.243071] pci 0000:05:00.0: reg 0x10: [mem 0xb0500000-0xb0500fff]
Sep 14 14:31:07 jsumler kernel: [    2.243210] pci 0000:05:00.0: supports D1 D2
Sep 14 14:31:07 jsumler kernel: [    2.243211] pci 0000:05:00.0: PME# supported from D1 D2 D3hot D3cold
Sep 14 14:31:07 jsumler kernel: [    2.254980] pci 0000:00:1c.7: PCI bridge to [bus 05]
Sep 14 14:31:07 jsumler kernel: [    2.254985] pci 0000:00:1c.7:   bridge window [mem 0xb0500000-0xb05fffff]
Sep 14 14:31:07 jsumler kernel: [    2.255941] ACPI: PCI Interrupt Link [LNKA] (IRQs 3 4 5 6 *10 11 12 14 15)
Sep 14 14:31:07 jsumler kernel: [    2.255984] ACPI: PCI Interrupt Link [LNKB] (IRQs 3 4 *5 6 10 11 12 14 15)
Sep 14 14:31:07 jsumler kernel: [    2.256024] ACPI: PCI Interrupt Link [LNKC] (IRQs 3 4 5 6 *10 11 12 14 15)
Sep 14 14:31:07 jsumler kernel: [    2.256065] ACPI: PCI Interrupt Link [LNKD] (IRQs 3 4 5 6 *10 11 12 14 15)
Sep 14 14:31:07 jsumler kernel: [    2.256105] ACPI: PCI Interrupt Link [LNKE] (IRQs 3 4 5 6 10 11 12 14 15) *0, disabled.
Sep 14 14:31:07 jsumler kernel: [    2.256145] ACPI: PCI Interrupt Link [LNKF] (IRQs 3 4 5 6 10 11 12 14 15) *0, disabled.
Sep 14 14:31:07 jsumler kernel: [    2.256184] ACPI: PCI Interrupt Link [LNKG] (IRQs 3 4 5 6 10 *11 12 14 15)
Sep 14 14:31:07 jsumler kernel: [    2.256223] ACPI: PCI Interrupt Link [LNKH] (IRQs 3 4 5 6 10 11 12 14 15) *0, disabled.
Sep 14 14:31:07 jsumler kernel: [    2.256482] ACPI: Enabled 4 GPEs in block 00 to 3F
Sep 14 14:31:07 jsumler kernel: [    2.256539] ACPI : EC: interrupt unblocked
Sep 14 14:31:07 jsumler kernel: [    2.256544] ACPI : EC: event unblocked
Sep 14 14:31:07 jsumler kernel: [    2.256549] ACPI: \_SB_.PCI0.LPCB.EC0_: GPE=0x16, EC_CMD/EC_SC=0x66, EC_DATA=0x62
Sep 14 14:31:07 jsumler kernel: [    2.256550] ACPI: \_SB_.PCI0.LPCB.EC0_: Used as boot DSDT EC to handle transactions and events
Sep 14 14:31:07 jsumler kernel: [    2.256814] SCSI subsystem initialized
Sep 14 14:31:07 jsumler kernel: [    2.256850] libata version 3.00 loaded.
Sep 14 14:31:07 jsumler kernel: [    2.256880] pci 0000:00:02.0: vgaarb: setting as boot VGA device
Sep 14 14:31:07 jsumler kernel: [    2.256882] pci 0000:00:02.0: vgaarb: VGA device added: decodes=io+mem,owns=io+mem,locks=none
Sep 14 14:31:07 jsumler kernel: [    2.256886] pci 0000:01:00.0: vgaarb: VGA device added: decodes=io+mem,owns=none,locks=none
Sep 14 14:31:07 jsumler kernel: [    2.256888] pci 0000:01:00.0: vgaarb: bridge control possible
Sep 14 14:31:07 jsumler kernel: [    2.256888] pci 0000:00:02.0: vgaarb: no bridge control possible
Sep 14 14:31:07 jsumler kernel: [    2.256889] vgaarb: loaded
Sep 14 14:31:07 jsumler kernel: [    2.256906] ACPI: bus type USB registered
Sep 14 14:31:07 jsumler kernel: [    2.256919] usbcore: registered new interface driver usbfs
Sep 14 14:31:07 jsumler kernel: [    2.256927] usbcore: registered new interface driver hub
Sep 14 14:31:07 jsumler kernel: [    2.256945] usbcore: registered new device driver usb
Sep 14 14:31:07 jsumler kernel: [    2.257038] PCI: Using ACPI for IRQ routing
Sep 14 14:31:07 jsumler kernel: [    2.262611] PCI: pci_cache_line_size set to 64 bytes
Sep 14 14:31:07 jsumler kernel: [    2.262679] e820: reserve RAM buffer [mem 0x0009dc00-0x0009ffff]
Sep 14 14:31:07 jsumler kernel: [    2.262680] e820: reserve RAM buffer [mem 0x88b7f000-0x8bffffff]
Sep 14 14:31:07 jsumler kernel: [    2.262681] e820: reserve RAM buffer [mem 0x8a000000-0x8bffffff]
Sep 14 14:31:07 jsumler kernel: [    2.262682] e820: reserve RAM buffer [mem 0x46fe00000-0x46fffffff]
Sep 14 14:31:07 jsumler kernel: [    2.262765] NetLabel: Initializing
Sep 14 14:31:07 jsumler kernel: [    2.262765] NetLabel:  domain hash size = 128
Sep 14 14:31:07 jsumler kernel: [    2.262766] NetLabel:  protocols = UNLABELED CIPSOv4 CALIPSO
Sep 14 14:31:07 jsumler kernel: [    2.262782] NetLabel:  unlabeled traffic allowed by default
Sep 14 14:31:07 jsumler kernel: [    2.262869] hpet0: at MMIO 0xfed00000, IRQs 2, 8, 0, 0, 0, 0, 0, 0
Sep 14 14:31:07 jsumler kernel: [    2.262873] hpet0: 8 comparators, 64-bit 14.318180 MHz counter
Sep 14 14:31:07 jsumler kernel: [    2.264897] clocksource: Switched to clocksource hpet
Sep 14 14:31:07 jsumler kernel: [    2.272248] VFS: Disk quotas dquot_6.6.0
Sep 14 14:31:07 jsumler kernel: [    2.272265] VFS: Dquot-cache hash table entries: 512 (order 0, 4096 bytes)
Sep 14 14:31:07 jsumler kernel: [    2.272361] AppArmor: AppArmor Filesystem Enabled
Sep 14 14:31:07 jsumler kernel: [    2.272405] pnp: PnP ACPI init
Sep 14 14:31:07 jsumler kernel: [    2.272621] system 00:00: [mem 0xfed1c000-0xfed1ffff] has been reserved
Sep 14 14:31:07 jsumler kernel: [    2.272623] system 00:00: [mem 0xfed10000-0xfed17fff] could not be reserved
Sep 14 14:31:07 jsumler kernel: [    2.272624] system 00:00: [mem 0xfed18000-0xfed18fff] has been reserved
Sep 14 14:31:07 jsumler kernel: [    2.272625] system 00:00: [mem 0xfed19000-0xfed19fff] has been reserved
Sep 14 14:31:07 jsumler kernel: [    2.272627] system 00:00: [mem 0xe0000000-0xefffffff] has been reserved
Sep 14 14:31:07 jsumler kernel: [    2.272628] system 00:00: [mem 0xfed20000-0xfed3ffff] has been reserved
Sep 14 14:31:07 jsumler kernel: [    2.272629] system 00:00: [mem 0xfed90000-0xfed93fff] has been reserved
Sep 14 14:31:07 jsumler kernel: [    2.272630] system 00:00: [mem 0xfed45000-0xfed8ffff] has been reserved
Sep 14 14:31:07 jsumler kernel: [    2.272631] system 00:00: [mem 0xfec00000-0xfec00fff] could not be reserved
Sep 14 14:31:07 jsumler kernel: [    2.272632] system 00:00: [mem 0x8f210000-0x8f21ffff] has been reserved
Sep 14 14:31:07 jsumler kernel: [    2.272635] system 00:00: Plug and Play ACPI device, IDs PNP0c02 (active)
Sep 14 14:31:07 jsumler kernel: [    2.272849] system 00:01: [io  0x0200-0x027f] has been reserved
Sep 14 14:31:07 jsumler kernel: [    2.272850] system 00:01: [io  0xffff] has been reserved
Sep 14 14:31:07 jsumler kernel: [    2.272851] system 00:01: [io  0xffff] has been reserved
Sep 14 14:31:07 jsumler kernel: [    2.272852] system 00:01: [io  0xffff] has been reserved
Sep 14 14:31:07 jsumler kernel: [    2.272853] system 00:01: [io  0x1800-0x18fe] has been reserved
Sep 14 14:31:07 jsumler kernel: [    2.272854] system 00:01: [io  0xef80-0xef9f] has been reserved
Sep 14 14:31:07 jsumler kernel: [    2.272856] system 00:01: Plug and Play ACPI device, IDs PNP0c02 (active)
Sep 14 14:31:07 jsumler kernel: [    2.272910] system 00:02: [io  0x0800-0x087f] has been reserved
Sep 14 14:31:07 jsumler kernel: [    2.272912] system 00:02: Plug and Play ACPI device, IDs PNP0c02 (active)
Sep 14 14:31:07 jsumler kernel: [    2.272935] pnp 00:03: Plug and Play ACPI device, IDs PNP0b00 (active)
Sep 14 14:31:07 jsumler kernel: [    2.273048] pnp 00:04: Plug and Play ACPI device, IDs HPQ8001 PNP0303 (active)
Sep 14 14:31:07 jsumler kernel: [    2.273067] pnp 00:05: Plug and Play ACPI device, IDs SYN300f SYN0100 SYN0002 PNP0f13 (active)
Sep 14 14:31:07 jsumler kernel: [    2.273353] system 00:06: [mem 0x20000000-0x201fffff] could not be reserved
Sep 14 14:31:07 jsumler kernel: [    2.273354] system 00:06: [mem 0x40004000-0x40004fff] could not be reserved
Sep 14 14:31:07 jsumler kernel: [    2.273356] system 00:06: Plug and Play ACPI device, IDs PNP0c01 (active)
Sep 14 14:31:07 jsumler kernel: [    2.273543] system 00:07: [mem 0xfed40000-0xfed44fff window] has been reserved
Sep 14 14:31:07 jsumler kernel: [    2.273545] system 00:07: Plug and Play ACPI device, IDs PNP0c02 (active)
Sep 14 14:31:07 jsumler kernel: [    2.273570] pnp: PnP ACPI: found 8 devices
Sep 14 14:31:07 jsumler kernel: [    2.279578] clocksource: acpi_pm: mask: 0xffffff max_cycles: 0xffffff, max_idle_ns: 2085701024 ns
Sep 14 14:31:07 jsumler kernel: [    2.279582] pci 0000:01:00.0: can't claim BAR 6 [mem 0xfffe0000-0xffffffff pref]: no compatible bridge window
Sep 14 14:31:07 jsumler kernel: [    2.279613] pci 0000:00:1c.7: bridge window [io  0x1000-0x0fff] to [bus 05] add_size 1000
Sep 14 14:31:07 jsumler kernel: [    2.279615] pci 0000:00:1c.7: bridge window [mem 0x00100000-0x000fffff 64bit pref] to [bus 05] add_size 200000 add_align 100000
Sep 14 14:31:07 jsumler kernel: [    2.279619] pci 0000:00:1c.7: res[15]=[mem 0x00100000-0x000fffff 64bit pref] res_to_dev_res add_size 200000 min_align 100000
Sep 14 14:31:07 jsumler kernel: [    2.279620] pci 0000:00:1c.7: res[15]=[mem 0x00100000-0x002fffff 64bit pref] res_to_dev_res add_size 200000 min_align 100000
Sep 14 14:31:07 jsumler kernel: [    2.279622] pci 0000:00:1c.7: res[13]=[io  0x1000-0x0fff] res_to_dev_res add_size 1000 min_align 1000
Sep 14 14:31:07 jsumler kernel: [    2.279623] pci 0000:00:1c.7: res[13]=[io  0x1000-0x1fff] res_to_dev_res add_size 1000 min_align 1000
Sep 14 14:31:07 jsumler kernel: [    2.279629] pci 0000:00:1c.7: BAR 15: assigned [mem 0x8f300000-0x8f4fffff 64bit pref]
Sep 14 14:31:07 jsumler kernel: [    2.279631] pci 0000:00:1c.7: BAR 13: assigned [io  0x2000-0x2fff]
Sep 14 14:31:07 jsumler kernel: [    2.279633] pci 0000:01:00.0: BAR 6: assigned [mem 0xb0940000-0xb095ffff pref]
Sep 14 14:31:07 jsumler kernel: [    2.279635] pci 0000:00:01.0: PCI bridge to [bus 01]
Sep 14 14:31:07 jsumler kernel: [    2.279636] pci 0000:00:01.0:   bridge window [io  0x4000-0x4fff]
Sep 14 14:31:07 jsumler kernel: [    2.279639] pci 0000:00:01.0:   bridge window [mem 0xb0900000-0xb09fffff]
Sep 14 14:31:07 jsumler kernel: [    2.279641] pci 0000:00:01.0:   bridge window [mem 0x90000000-0x9fffffff 64bit pref]
Sep 14 14:31:07 jsumler kernel: [    2.279644] pci 0000:00:1c.0: PCI bridge to [bus 02]
Sep 14 14:31:07 jsumler kernel: [    2.279649] pci 0000:00:1c.0:   bridge window [mem 0xb0800000-0xb08fffff]
Sep 14 14:31:07 jsumler kernel: [    2.279657] pci 0000:00:1c.5: PCI bridge to [bus 03]
Sep 14 14:31:07 jsumler kernel: [    2.279660] pci 0000:00:1c.5:   bridge window [io  0x3000-0x3fff]
Sep 14 14:31:07 jsumler kernel: [    2.279664] pci 0000:00:1c.5:   bridge window [mem 0xb0700000-0xb07fffff]
Sep 14 14:31:07 jsumler kernel: [    2.279667] pci 0000:00:1c.5:   bridge window [mem 0xb0400000-0xb04fffff 64bit pref]
Sep 14 14:31:07 jsumler kernel: [    2.279673] pci 0000:00:1c.6: PCI bridge to [bus 04]
Sep 14 14:31:07 jsumler kernel: [    2.279678] pci 0000:00:1c.6:   bridge window [mem 0xb0600000-0xb06fffff]
Sep 14 14:31:07 jsumler kernel: [    2.279684] pci 0000:00:1c.7: PCI bridge to [bus 05]
Sep 14 14:31:07 jsumler kernel: [    2.279687] pci 0000:00:1c.7:   bridge window [io  0x2000-0x2fff]
Sep 14 14:31:07 jsumler kernel: [    2.279691] pci 0000:00:1c.7:   bridge window [mem 0xb0500000-0xb05fffff]
Sep 14 14:31:07 jsumler kernel: [    2.279694] pci 0000:00:1c.7:   bridge window [mem 0x8f300000-0x8f4fffff 64bit pref]
Sep 14 14:31:07 jsumler kernel: [    2.279701] pci_bus 0000:00: resource 4 [io  0x0000-0x0cf7 window]
Sep 14 14:31:07 jsumler kernel: [    2.279702] pci_bus 0000:00: resource 5 [io  0x0d00-0xffff window]
Sep 14 14:31:07 jsumler kernel: [    2.279703] pci_bus 0000:00: resource 6 [mem 0x000a0000-0x000bffff window]
Sep 14 14:31:07 jsumler kernel: [    2.279704] pci_bus 0000:00: resource 7 [mem 0x8f200000-0xdfffffff window]
Sep 14 14:31:07 jsumler kernel: [    2.279705] pci_bus 0000:00: resource 8 [mem 0xf0000000-0xfedfffff window]
Sep 14 14:31:07 jsumler kernel: [    2.279706] pci_bus 0000:00: resource 9 [mem 0xfee01000-0xffffffff window]
Sep 14 14:31:07 jsumler kernel: [    2.279707] pci_bus 0000:01: resource 0 [io  0x4000-0x4fff]
Sep 14 14:31:07 jsumler kernel: [    2.279708] pci_bus 0000:01: resource 1 [mem 0xb0900000-0xb09fffff]
Sep 14 14:31:07 jsumler kernel: [    2.279709] pci_bus 0000:01: resource 2 [mem 0x90000000-0x9fffffff 64bit pref]
Sep 14 14:31:07 jsumler kernel: [    2.279710] pci_bus 0000:02: resource 1 [mem 0xb0800000-0xb08fffff]
Sep 14 14:31:07 jsumler kernel: [    2.279711] pci_bus 0000:03: resource 0 [io  0x3000-0x3fff]
Sep 14 14:31:07 jsumler kernel: [    2.279712] pci_bus 0000:03: resource 1 [mem 0xb0700000-0xb07fffff]
Sep 14 14:31:07 jsumler kernel: [    2.279713] pci_bus 0000:03: resource 2 [mem 0xb0400000-0xb04fffff 64bit pref]
Sep 14 14:31:07 jsumler kernel: [    2.279714] pci_bus 0000:04: resource 1 [mem 0xb0600000-0xb06fffff]
Sep 14 14:31:07 jsumler kernel: [    2.279715] pci_bus 0000:05: resource 0 [io  0x2000-0x2fff]
Sep 14 14:31:07 jsumler kernel: [    2.279716] pci_bus 0000:05: resource 1 [mem 0xb0500000-0xb05fffff]
Sep 14 14:31:07 jsumler kernel: [    2.279717] pci_bus 0000:05: resource 2 [mem 0x8f300000-0x8f4fffff 64bit pref]
Sep 14 14:31:07 jsumler kernel: [    2.279810] NET: Registered protocol family 2
Sep 14 14:31:07 jsumler kernel: [    2.279990] TCP established hash table entries: 131072 (order: 8, 1048576 bytes)
Sep 14 14:31:07 jsumler kernel: [    2.280171] TCP bind hash table entries: 65536 (order: 8, 1048576 bytes)
Sep 14 14:31:07 jsumler kernel: [    2.280295] TCP: Hash tables configured (established 131072 bind 65536)
Sep 14 14:31:07 jsumler kernel: [    2.280321] UDP hash table entries: 8192 (order: 6, 262144 bytes)
Sep 14 14:31:07 jsumler kernel: [    2.280362] UDP-Lite hash table entries: 8192 (order: 6, 262144 bytes)
Sep 14 14:31:07 jsumler kernel: [    2.280426] NET: Registered protocol family 1
Sep 14 14:31:07 jsumler kernel: [    2.280439] pci 0000:00:02.0: Video device with shadowed ROM at [mem 0x000c0000-0x000dffff]
Sep 14 14:31:07 jsumler kernel: [    2.280447] pci 0000:00:14.0: enabling device (0000 -> 0002)
Sep 14 14:31:07 jsumler kernel: [    2.281049] PCI: CLS 64 bytes, default 64
Sep 14 14:31:07 jsumler kernel: [    2.281090] Unpacking initramfs...
Sep 14 14:31:07 jsumler kernel: [    2.978797] Freeing initrd memory: 44264K
Sep 14 14:31:07 jsumler kernel: [    2.978800] PCI-DMA: Using software bounce buffering for IO (SWIOTLB)
Sep 14 14:31:07 jsumler kernel: [    2.978802] software IO TLB [mem 0x84b7f000-0x88b7f000] (64MB) mapped at [ffff8f1544b7f000-ffff8f1548b7efff]
Sep 14 14:31:07 jsumler kernel: [    2.979091] Scanning for low memory corruption every 60 seconds
Sep 14 14:31:07 jsumler kernel: [    2.979411] audit: initializing netlink subsys (disabled)
Sep 14 14:31:07 jsumler kernel: [    2.979449] audit: type=2000 audit(1505399418.956:1): initialized
Sep 14 14:31:07 jsumler kernel: [    2.979836] Initialise system trusted keyrings
Sep 14 14:31:07 jsumler kernel: [    2.979919] workingset: timestamp_bits=36 max_order=22 bucket_order=0
Sep 14 14:31:07 jsumler kernel: [    2.981275] zbud: loaded
Sep 14 14:31:07 jsumler kernel: [    2.981708] squashfs: version 4.0 (2009/01/31) Phillip Lougher
Sep 14 14:31:07 jsumler kernel: [    2.981880] fuse init (API version 7.26)
Sep 14 14:31:07 jsumler kernel: [    2.983141] Key type asymmetric registered
Sep 14 14:31:07 jsumler kernel: [    2.983142] Asymmetric key parser 'x509' registered
Sep 14 14:31:07 jsumler kernel: [    2.983180] Block layer SCSI generic (bsg) driver version 0.4 loaded (major 248)
Sep 14 14:31:07 jsumler kernel: [    2.983211] io scheduler noop registered
Sep 14 14:31:07 jsumler kernel: [    2.983212] io scheduler deadline registered
Sep 14 14:31:07 jsumler kernel: [    2.983218] io scheduler cfq registered (default)
Sep 14 14:31:07 jsumler kernel: [    2.984166] pcieport 0000:00:01.0: Signaling PME with IRQ 24
Sep 14 14:31:07 jsumler kernel: [    2.984183] pcieport 0000:00:1c.0: Signaling PME with IRQ 25
Sep 14 14:31:07 jsumler kernel: [    2.984201] pcieport 0000:00:1c.5: Signaling PME with IRQ 26
Sep 14 14:31:07 jsumler kernel: [    2.984219] pcieport 0000:00:1c.6: Signaling PME with IRQ 27
Sep 14 14:31:07 jsumler kernel: [    2.984235] pcieport 0000:00:1c.7: Signaling PME with IRQ 28
Sep 14 14:31:07 jsumler kernel: [    2.984253] pciehp 0000:00:1c.7:pcie004: Slot #7 AttnBtn- PwrCtrl- MRL- AttnInd- PwrInd- HotPlug+ Surprise+ Interlock- NoCompl+ LLActRep+
Sep 14 14:31:07 jsumler kernel: [    2.984309] vesafb: mode is 1366x768x32, linelength=5504, pages=0
Sep 14 14:31:07 jsumler kernel: [    2.984310] vesafb: scrolling: redraw
Sep 14 14:31:07 jsumler kernel: [    2.984311] vesafb: Truecolor: size=8:8:8:8, shift=24:16:8:0
Sep 14 14:31:07 jsumler kernel: [    2.984320] vesafb: framebuffer at 0xa0000000, mapped to 0xffffad4342800000, using 4160k, total 4160k
Sep 14 14:31:07 jsumler kernel: [    2.984404] Console: switching to colour frame buffer device 170x48
Sep 14 14:31:07 jsumler kernel: [    2.984420] fb0: VESA VGA frame buffer device
Sep 14 14:31:07 jsumler kernel: [    2.984430] intel_idle: MWAIT substates: 0x42120
Sep 14 14:31:07 jsumler kernel: [    2.984431] intel_idle: v0.4.1 model 0x3C
Sep 14 14:31:07 jsumler kernel: [    2.984745] intel_idle: lapic_timer_reliable_states 0xffffffff
Sep 14 14:31:07 jsumler kernel: [    2.984883] ACPI: AC Adapter [AC] (on-line)
Sep 14 14:31:07 jsumler kernel: [    2.984941] input: Sleep Button as /devices/LNXSYSTM:00/LNXSYBUS:00/PNP0C0E:00/input/input0
Sep 14 14:31:07 jsumler kernel: [    2.984944] ACPI: Sleep Button [SLPB]
Sep 14 14:31:07 jsumler kernel: [    2.985009] input: Lid Switch as /devices/LNXSYSTM:00/LNXSYBUS:00/PNP0C0D:00/input/input1
Sep 14 14:31:07 jsumler kernel: [    2.985014] ACPI: Lid Switch [LID]
Sep 14 14:31:07 jsumler kernel: [    2.985045] input: Power Button as /devices/LNXSYSTM:00/LNXPWRBN:00/input/input2
Sep 14 14:31:07 jsumler kernel: [    2.985048] ACPI: Power Button [PWRF]
Sep 14 14:31:07 jsumler kernel: [    3.006195] (NULL device *): hwmon_device_register() is deprecated. Please convert the driver to use hwmon_device_register_with_info().
Sep 14 14:31:07 jsumler kernel: [    3.011109] thermal LNXTHERM:00: registered as thermal_zone0
Sep 14 14:31:07 jsumler kernel: [    3.011111] ACPI: Thermal Zone [CPUZ] (50 C)
Sep 14 14:31:07 jsumler kernel: [    3.035070] thermal LNXTHERM:01: registered as thermal_zone1
Sep 14 14:31:07 jsumler kernel: [    3.035072] ACPI: Thermal Zone [GFXZ] (0 C)
Sep 14 14:31:07 jsumler kernel: [    3.050066] thermal LNXTHERM:02: registered as thermal_zone2
Sep 14 14:31:07 jsumler kernel: [    3.050067] ACPI: Thermal Zone [EXTZ] (42 C)
Sep 14 14:31:07 jsumler kernel: [    3.065022] thermal LNXTHERM:03: registered as thermal_zone3
Sep 14 14:31:07 jsumler kernel: [    3.065024] ACPI: Thermal Zone [LOCZ] (46 C)
Sep 14 14:31:07 jsumler kernel: [    3.080046] thermal LNXTHERM:04: registered as thermal_zone4
Sep 14 14:31:07 jsumler kernel: [    3.080048] ACPI: Thermal Zone [BATZ] (25 C)
Sep 14 14:31:07 jsumler kernel: [    3.080354] thermal LNXTHERM:05: registered as thermal_zone5
Sep 14 14:31:07 jsumler kernel: [    3.080355] ACPI: Thermal Zone [PCHZ] (114 C)
Sep 14 14:31:07 jsumler kernel: [    3.080407] GHES: HEST is not enabled!
Sep 14 14:31:07 jsumler kernel: [    3.080543] Serial: 8250/16550 driver, 32 ports, IRQ sharing enabled
Sep 14 14:31:07 jsumler kernel: [    3.082413] Linux agpgart interface v0.103
Sep 14 14:31:07 jsumler kernel: [    3.085156] loop: module loaded
Sep 14 14:31:07 jsumler kernel: [    3.085304] libphy: Fixed MDIO Bus: probed
Sep 14 14:31:07 jsumler kernel: [    3.085305] tun: Universal TUN/TAP device driver, 1.6
Sep 14 14:31:07 jsumler kernel: [    3.085305] tun: (C) 1999-2004 Max Krasnyansky <maxk@qualcomm.com>
Sep 14 14:31:07 jsumler kernel: [    3.085343] PPP generic driver version 2.4.2
Sep 14 14:31:07 jsumler kernel: [    3.085376] ehci_hcd: USB 2.0 'Enhanced' Host Controller (EHCI) Driver
Sep 14 14:31:07 jsumler kernel: [    3.085379] ehci-pci: EHCI PCI platform driver
Sep 14 14:31:07 jsumler kernel: [    3.085517] ehci-pci 0000:00:1a.0: EHCI Host Controller
Sep 14 14:31:07 jsumler kernel: [    3.085521] ehci-pci 0000:00:1a.0: new USB bus registered, assigned bus number 1
Sep 14 14:31:07 jsumler kernel: [    3.085532] ehci-pci 0000:00:1a.0: debug port 2
Sep 14 14:31:07 jsumler kernel: [    3.089443] ehci-pci 0000:00:1a.0: cache line size of 64 is not supported
Sep 14 14:31:07 jsumler kernel: [    3.089455] ehci-pci 0000:00:1a.0: irq 16, io mem 0xb0a1e000
Sep 14 14:31:07 jsumler kernel: [    3.105034] ehci-pci 0000:00:1a.0: USB 2.0 started, EHCI 1.00
Sep 14 14:31:07 jsumler kernel: [    3.105083] usb usb1: New USB device found, idVendor=1d6b, idProduct=0002
Sep 14 14:31:07 jsumler kernel: [    3.105084] usb usb1: New USB device strings: Mfr=3, Product=2, SerialNumber=1
Sep 14 14:31:07 jsumler kernel: [    3.105086] usb usb1: Product: EHCI Host Controller
Sep 14 14:31:07 jsumler kernel: [    3.105086] usb usb1: Manufacturer: Linux 4.10.0-35-generic ehci_hcd
Sep 14 14:31:07 jsumler kernel: [    3.105087] usb usb1: SerialNumber: 0000:00:1a.0
Sep 14 14:31:07 jsumler kernel: [    3.105311] hub 1-0:1.0: USB hub found
Sep 14 14:31:07 jsumler kernel: [    3.105316] hub 1-0:1.0: 2 ports detected
Sep 14 14:31:07 jsumler kernel: [    3.105596] ehci-pci 0000:00:1d.0: EHCI Host Controller
Sep 14 14:31:07 jsumler kernel: [    3.105600] ehci-pci 0000:00:1d.0: new USB bus registered, assigned bus number 2
Sep 14 14:31:07 jsumler kernel: [    3.105611] ehci-pci 0000:00:1d.0: debug port 2
Sep 14 14:31:07 jsumler kernel: [    3.109528] ehci-pci 0000:00:1d.0: cache line size of 64 is not supported
Sep 14 14:31:07 jsumler kernel: [    3.109542] ehci-pci 0000:00:1d.0: irq 17, io mem 0xb0a1d000
Sep 14 14:31:07 jsumler kernel: [    3.125033] ehci-pci 0000:00:1d.0: USB 2.0 started, EHCI 1.00
Sep 14 14:31:07 jsumler kernel: [    3.125078] usb usb2: New USB device found, idVendor=1d6b, idProduct=0002
Sep 14 14:31:07 jsumler kernel: [    3.125080] usb usb2: New USB device strings: Mfr=3, Product=2, SerialNumber=1
Sep 14 14:31:07 jsumler kernel: [    3.125081] usb usb2: Product: EHCI Host Controller
Sep 14 14:31:07 jsumler kernel: [    3.125082] usb usb2: Manufacturer: Linux 4.10.0-35-generic ehci_hcd
Sep 14 14:31:07 jsumler kernel: [    3.125083] usb usb2: SerialNumber: 0000:00:1d.0
Sep 14 14:31:07 jsumler kernel: [    3.125315] hub 2-0:1.0: USB hub found
Sep 14 14:31:07 jsumler kernel: [    3.125319] hub 2-0:1.0: 2 ports detected
Sep 14 14:31:07 jsumler kernel: [    3.125494] ehci-platform: EHCI generic platform driver
Sep 14 14:31:07 jsumler kernel: [    3.125511] ohci_hcd: USB 1.1 'Open' Host Controller (OHCI) Driver
Sep 14 14:31:07 jsumler kernel: [    3.125514] ohci-pci: OHCI PCI platform driver
Sep 14 14:31:07 jsumler kernel: [    3.125523] ohci-platform: OHCI generic platform driver
Sep 14 14:31:07 jsumler kernel: [    3.125530] uhci_hcd: USB Universal Host Controller Interface driver
Sep 14 14:31:07 jsumler kernel: [    3.125680] xhci_hcd 0000:00:14.0: xHCI Host Controller
Sep 14 14:31:07 jsumler kernel: [    3.125684] xhci_hcd 0000:00:14.0: new USB bus registered, assigned bus number 3
Sep 14 14:31:07 jsumler kernel: [    3.126160] ACPI: Battery Slot [BAT0] (battery present)
Sep 14 14:31:07 jsumler kernel: [    3.126765] xhci_hcd 0000:00:14.0: hcc params 0x200077c1 hci version 0x100 quirks 0x00009810
Sep 14 14:31:07 jsumler kernel: [    3.126771] xhci_hcd 0000:00:14.0: cache line size of 64 is not supported
Sep 14 14:31:07 jsumler kernel: [    3.126855] usb usb3: New USB device found, idVendor=1d6b, idProduct=0002
Sep 14 14:31:07 jsumler kernel: [    3.126856] usb usb3: New USB device strings: Mfr=3, Product=2, SerialNumber=1
Sep 14 14:31:07 jsumler kernel: [    3.126857] usb usb3: Product: xHCI Host Controller
Sep 14 14:31:07 jsumler kernel: [    3.126858] usb usb3: Manufacturer: Linux 4.10.0-35-generic xhci-hcd
Sep 14 14:31:07 jsumler kernel: [    3.126858] usb usb3: SerialNumber: 0000:00:14.0
Sep 14 14:31:07 jsumler kernel: [    3.127044] hub 3-0:1.0: USB hub found
Sep 14 14:31:07 jsumler kernel: [    3.127060] hub 3-0:1.0: 14 ports detected
Sep 14 14:31:07 jsumler kernel: [    3.128032] xhci_hcd 0000:00:14.0: xHCI Host Controller
Sep 14 14:31:07 jsumler kernel: [    3.128035] xhci_hcd 0000:00:14.0: new USB bus registered, assigned bus number 4
Sep 14 14:31:07 jsumler kernel: [    3.128066] usb usb4: New USB device found, idVendor=1d6b, idProduct=0003
Sep 14 14:31:07 jsumler kernel: [    3.128067] usb usb4: New USB device strings: Mfr=3, Product=2, SerialNumber=1
Sep 14 14:31:07 jsumler kernel: [    3.128068] usb usb4: Product: xHCI Host Controller
Sep 14 14:31:07 jsumler kernel: [    3.128069] usb usb4: Manufacturer: Linux 4.10.0-35-generic xhci-hcd
Sep 14 14:31:07 jsumler kernel: [    3.128070] usb usb4: SerialNumber: 0000:00:14.0
Sep 14 14:31:07 jsumler kernel: [    3.128255] hub 4-0:1.0: USB hub found
Sep 14 14:31:07 jsumler kernel: [    3.128266] hub 4-0:1.0: 6 ports detected
Sep 14 14:31:07 jsumler kernel: [    3.128610] usb: port power management may be unreliable
